14:05:12 **** Build of project Lab1_bsp ****
make -k all 
"Running Make include in ps7_cortexa9_0/libsrc/coresightps_dcc_v1_4/src"
make -C ps7_cortexa9_0/libsrc/coresightps_dcc_v1_4/src -s include  "SHELL=CMD" "COMPILER=arm-none-eabi-gcc" "ARCHIVER=arm-none-eabi-ar" "COMPILER_FLAGS=  -O2 -c" "EXTRA_COMPILER_FLAGS=-mcpu=cortex-a9 -mfpu=vfpv3 -mfloat-abi=hard -nostartfiles -g -Wall -Wextra"
"Running Make include in ps7_cortexa9_0/libsrc/cpu_cortexa9_v2_7/src"
make -C ps7_cortexa9_0/libsrc/cpu_cortexa9_v2_7/src -s include  "SHELL=CMD" "COMPILER=arm-none-eabi-gcc" "ARCHIVER=arm-none-eabi-ar" "COMPILER_FLAGS=  -O2 -c" "EXTRA_COMPILER_FLAGS=-mcpu=cortex-a9 -mfpu=vfpv3 -mfloat-abi=hard -nostartfiles -g -Wall -Wextra"
"Running Make include in ps7_cortexa9_0/libsrc/ddrps_v1_0/src"
make -C ps7_cortexa9_0/libsrc/ddrps_v1_0/src -s include  "SHELL=CMD" "COMPILER=arm-none-eabi-gcc" "ARCHIVER=arm-none-eabi-ar" "COMPILER_FLAGS=  -O2 -c" "EXTRA_COMPILER_FLAGS=-mcpu=cortex-a9 -mfpu=vfpv3 -mfloat-abi=hard -nostartfiles -g -Wall -Wextra"
"Running Make include in ps7_cortexa9_0/libsrc/devcfg_v3_5/src"
make -C ps7_cortexa9_0/libsrc/devcfg_v3_5/src -s include  "SHELL=CMD" "COMPILER=arm-none-eabi-gcc" "ARCHIVER=arm-none-eabi-ar" "COMPILER_FLAGS=  -O2 -c" "EXTRA_COMPILER_FLAGS=-mcpu=cortex-a9 -mfpu=vfpv3 -mfloat-abi=hard -nostartfiles -g -Wall -Wextra"
"Running Make include in ps7_cortexa9_0/libsrc/dmaps_v2_4/src"
make -C ps7_cortexa9_0/libsrc/dmaps_v2_4/src -s include  "SHELL=CMD" "COMPILER=arm-none-eabi-gcc" "ARCHIVER=arm-none-eabi-ar" "COMPILER_FLAGS=  -O2 -c" "EXTRA_COMPILER_FLAGS=-mcpu=cortex-a9 -mfpu=vfpv3 -mfloat-abi=hard -nostartfiles -g -Wall -Wextra"
"Running Make include in ps7_cortexa9_0/libsrc/emacps_v3_8/src"
make -C ps7_cortexa9_0/libsrc/emacps_v3_8/src -s include  "SHELL=CMD" "COMPILER=arm-none-eabi-gcc" "ARCHIVER=arm-none-eabi-ar" "COMPILER_FLAGS=  -O2 -c" "EXTRA_COMPILER_FLAGS=-mcpu=cortex-a9 -mfpu=vfpv3 -mfloat-abi=hard -nostartfiles -g -Wall -Wextra"
"Running Make include in ps7_cortexa9_0/libsrc/gpiops_v3_4/src"
make -C ps7_cortexa9_0/libsrc/gpiops_v3_4/src -s include  "SHELL=CMD" "COMPILER=arm-none-eabi-gcc" "ARCHIVER=arm-none-eabi-ar" "COMPILER_FLAGS=  -O2 -c" "EXTRA_COMPILER_FLAGS=-mcpu=cortex-a9 -mfpu=vfpv3 -mfloat-abi=hard -nostartfiles -g -Wall -Wextra"
"Running Make include in ps7_cortexa9_0/libsrc/qspips_v3_5/src"
make -C ps7_cortexa9_0/libsrc/qspips_v3_5/src -s include  "SHELL=CMD" "COMPILER=arm-none-eabi-gcc" "ARCHIVER=arm-none-eabi-ar" "COMPILER_FLAGS=  -O2 -c" "EXTRA_COMPILER_FLAGS=-mcpu=cortex-a9 -mfpu=vfpv3 -mfloat-abi=hard -nostartfiles -g -Wall -Wextra"
"Running Make include in ps7_cortexa9_0/libsrc/scugic_v3_10/src"
make -C ps7_cortexa9_0/libsrc/scugic_v3_10/src -s include  "SHELL=CMD" "COMPILER=arm-none-eabi-gcc" "ARCHIVER=arm-none-eabi-ar" "COMPILER_FLAGS=  -O2 -c" "EXTRA_COMPILER_FLAGS=-mcpu=cortex-a9 -mfpu=vfpv3 -mfloat-abi=hard -nostartfiles -g -Wall -Wextra"
"Running Make include in ps7_cortexa9_0/libsrc/scutimer_v2_1/src"
make -C ps7_cortexa9_0/libsrc/scutimer_v2_1/src -s include  "SHELL=CMD" "COMPILER=arm-none-eabi-gcc" "ARCHIVER=arm-none-eabi-ar" "COMPILER_FLAGS=  -O2 -c" "EXTRA_COMPILER_FLAGS=-mcpu=cortex-a9 -mfpu=vfpv3 -mfloat-abi=hard -nostartfiles -g -Wall -Wextra"
"Running Make include in ps7_cortexa9_0/libsrc/scuwdt_v2_1/src"
make -C ps7_cortexa9_0/libsrc/scuwdt_v2_1/src -s include  "SHELL=CMD" "COMPILER=arm-none-eabi-gcc" "ARCHIVER=arm-none-eabi-ar" "COMPILER_FLAGS=  -O2 -c" "EXTRA_COMPILER_FLAGS=-mcpu=cortex-a9 -mfpu=vfpv3 -mfloat-abi=hard -nostartfiles -g -Wall -Wextra"
"Running Make include in ps7_cortexa9_0/libsrc/sdps_v3_6/src"
make -C ps7_cortexa9_0/libsrc/sdps_v3_6/src -s include  "SHELL=CMD" "COMPILER=arm-none-eabi-gcc" "ARCHIVER=arm-none-eabi-ar" "COMPILER_FLAGS=  -O2 -c" "EXTRA_COMPILER_FLAGS=-mcpu=cortex-a9 -mfpu=vfpv3 -mfloat-abi=hard -nostartfiles -g -Wall -Wextra"
"Running Make include in ps7_cortexa9_0/libsrc/standalone_v6_8/src"
make -C ps7_cortexa9_0/libsrc/standalone_v6_8/src -s include  "SHELL=CMD" "COMPILER=arm-none-eabi-gcc" "ARCHIVER=arm-none-eabi-ar" "COMPILER_FLAGS=  -O2 -c" "EXTRA_COMPILER_FLAGS=-mcpu=cortex-a9 -mfpu=vfpv3 -mfloat-abi=hard -nostartfiles -g -Wall -Wextra"
"Running Make include in ps7_cortexa9_0/libsrc/uartps_v3_7/src"
make -C ps7_cortexa9_0/libsrc/uartps_v3_7/src -s include  "SHELL=CMD" "COMPILER=arm-none-eabi-gcc" "ARCHIVER=arm-none-eabi-ar" "COMPILER_FLAGS=  -O2 -c" "EXTRA_COMPILER_FLAGS=-mcpu=cortex-a9 -mfpu=vfpv3 -mfloat-abi=hard -nostartfiles -g -Wall -Wextra"
"Running Make include in ps7_cortexa9_0/libsrc/usbps_v2_4/src"
make -C ps7_cortexa9_0/libsrc/usbps_v2_4/src -s include  "SHELL=CMD" "COMPILER=arm-none-eabi-gcc" "ARCHIVER=arm-none-eabi-ar" "COMPILER_FLAGS=  -O2 -c" "EXTRA_COMPILER_FLAGS=-mcpu=cortex-a9 -mfpu=vfpv3 -mfloat-abi=hard -nostartfiles -g -Wall -Wextra"
"Running Make include in ps7_cortexa9_0/libsrc/xadcps_v2_3/src"
make -C ps7_cortexa9_0/libsrc/xadcps_v2_3/src -s include  "SHELL=CMD" "COMPILER=arm-none-eabi-gcc" "ARCHIVER=arm-none-eabi-ar" "COMPILER_FLAGS=  -O2 -c" "EXTRA_COMPILER_FLAGS=-mcpu=cortex-a9 -mfpu=vfpv3 -mfloat-abi=hard -nostartfiles -g -Wall -Wextra"
"Running Make libs in ps7_cortexa9_0/libsrc/coresightps_dcc_v1_4/src"
make -C ps7_cortexa9_0/libsrc/coresightps_dcc_v1_4/src -s libs  "SHELL=CMD" "COMPILER=arm-none-eabi-gcc" "ARCHIVER=arm-none-eabi-ar" "COMPILER_FLAGS=  -O2 -c" "EXTRA_COMPILER_FLAGS=-mcpu=cortex-a9 -mfpu=vfpv3 -mfloat-abi=hard -nostartfiles -g -Wall -Wextra"
"Compiling coresightps_dcc"
arm-none-eabi-ar: creating ../../../lib/libxil.a
"Running Make libs in ps7_cortexa9_0/libsrc/cpu_cortexa9_v2_7/src"
make -C ps7_cortexa9_0/libsrc/cpu_cortexa9_v2_7/src -s libs  "SHELL=CMD" "COMPILER=arm-none-eabi-gcc" "ARCHIVER=arm-none-eabi-ar" "COMPILER_FLAGS=  -O2 -c" "EXTRA_COMPILER_FLAGS=-mcpu=cortex-a9 -mfpu=vfpv3 -mfloat-abi=hard -nostartfiles -g -Wall -Wextra"
"Compiling cpu_cortexa9"
"Running Make libs in ps7_cortexa9_0/libsrc/ddrps_v1_0/src"
make -C ps7_cortexa9_0/libsrc/ddrps_v1_0/src -s libs  "SHELL=CMD" "COMPILER=arm-none-eabi-gcc" "ARCHIVER=arm-none-eabi-ar" "COMPILER_FLAGS=  -O2 -c" "EXTRA_COMPILER_FLAGS=-mcpu=cortex-a9 -mfpu=vfpv3 -mfloat-abi=hard -nostartfiles -g -Wall -Wextra"
"Compiling ddrps"
"Running Make libs in ps7_cortexa9_0/libsrc/devcfg_v3_5/src"
make -C ps7_cortexa9_0/libsrc/devcfg_v3_5/src -s libs  "SHELL=CMD" "COMPILER=arm-none-eabi-gcc" "ARCHIVER=arm-none-eabi-ar" "COMPILER_FLAGS=  -O2 -c" "EXTRA_COMPILER_FLAGS=-mcpu=cortex-a9 -mfpu=vfpv3 -mfloat-abi=hard -nostartfiles -g -Wall -Wextra"
"Compiling devcfg"
"Running Make libs in ps7_cortexa9_0/libsrc/dmaps_v2_4/src"
make -C ps7_cortexa9_0/libsrc/dmaps_v2_4/src -s libs  "SHELL=CMD" "COMPILER=arm-none-eabi-gcc" "ARCHIVER=arm-none-eabi-ar" "COMPILER_FLAGS=  -O2 -c" "EXTRA_COMPILER_FLAGS=-mcpu=cortex-a9 -mfpu=vfpv3 -mfloat-abi=hard -nostartfiles -g -Wall -Wextra"
"Compiling dmaps"
"Running Make libs in ps7_cortexa9_0/libsrc/emacps_v3_8/src"
make -C ps7_cortexa9_0/libsrc/emacps_v3_8/src -s libs  "SHELL=CMD" "COMPILER=arm-none-eabi-gcc" "ARCHIVER=arm-none-eabi-ar" "COMPILER_FLAGS=  -O2 -c" "EXTRA_COMPILER_FLAGS=-mcpu=cortex-a9 -mfpu=vfpv3 -mfloat-abi=hard -nostartfiles -g -Wall -Wextra"
"Compiling emacps"
"Running Make libs in ps7_cortexa9_0/libsrc/gpiops_v3_4/src"
make -C ps7_cortexa9_0/libsrc/gpiops_v3_4/src -s libs  "SHELL=CMD" "COMPILER=arm-none-eabi-gcc" "ARCHIVER=arm-none-eabi-ar" "COMPILER_FLAGS=  -O2 -c" "EXTRA_COMPILER_FLAGS=-mcpu=cortex-a9 -mfpu=vfpv3 -mfloat-abi=hard -nostartfiles -g -Wall -Wextra"
"Compiling gpiops"
"Running Make libs in ps7_cortexa9_0/libsrc/qspips_v3_5/src"
make -C ps7_cortexa9_0/libsrc/qspips_v3_5/src -s libs  "SHELL=CMD" "COMPILER=arm-none-eabi-gcc" "ARCHIVER=arm-none-eabi-ar" "COMPILER_FLAGS=  -O2 -c" "EXTRA_COMPILER_FLAGS=-mcpu=cortex-a9 -mfpu=vfpv3 -mfloat-abi=hard -nostartfiles -g -Wall -Wextra"
"Compiling qspips"
"Running Make libs in ps7_cortexa9_0/libsrc/scugic_v3_10/src"
make -C ps7_cortexa9_0/libsrc/scugic_v3_10/src -s libs  "SHELL=CMD" "COMPILER=arm-none-eabi-gcc" "ARCHIVER=arm-none-eabi-ar" "COMPILER_FLAGS=  -O2 -c" "EXTRA_COMPILER_FLAGS=-mcpu=cortex-a9 -mfpu=vfpv3 -mfloat-abi=hard -nostartfiles -g -Wall -Wextra"
"Compiling scugic"
"Running Make libs in ps7_cortexa9_0/libsrc/scutimer_v2_1/src"
make -C ps7_cortexa9_0/libsrc/scutimer_v2_1/src -s libs  "SHELL=CMD" "COMPILER=arm-none-eabi-gcc" "ARCHIVER=arm-none-eabi-ar" "COMPILER_FLAGS=  -O2 -c" "EXTRA_COMPILER_FLAGS=-mcpu=cortex-a9 -mfpu=vfpv3 -mfloat-abi=hard -nostartfiles -g -Wall -Wextra"
"Compiling scutimer"
"Running Make libs in ps7_cortexa9_0/libsrc/scuwdt_v2_1/src"
make -C ps7_cortexa9_0/libsrc/scuwdt_v2_1/src -s libs  "SHELL=CMD" "COMPILER=arm-none-eabi-gcc" "ARCHIVER=arm-none-eabi-ar" "COMPILER_FLAGS=  -O2 -c" "EXTRA_COMPILER_FLAGS=-mcpu=cortex-a9 -mfpu=vfpv3 -mfloat-abi=hard -nostartfiles -g -Wall -Wextra"
"Compiling scuwdt"
"Running Make libs in ps7_cortexa9_0/libsrc/sdps_v3_6/src"
make -C ps7_cortexa9_0/libsrc/sdps_v3_6/src -s libs  "SHELL=CMD" "COMPILER=arm-none-eabi-gcc" "ARCHIVER=arm-none-eabi-ar" "COMPILER_FLAGS=  -O2 -c" "EXTRA_COMPILER_FLAGS=-mcpu=cortex-a9 -mfpu=vfpv3 -mfloat-abi=hard -nostartfiles -g -Wall -Wextra"
"Compiling sdps"
"Running Make libs in ps7_cortexa9_0/libsrc/standalone_v6_8/src"
make -C ps7_cortexa9_0/libsrc/standalone_v6_8/src -s libs  "SHELL=CMD" "COMPILER=arm-none-eabi-gcc" "ARCHIVER=arm-none-eabi-ar" "COMPILER_FLAGS=  -O2 -c" "EXTRA_COMPILER_FLAGS=-mcpu=cortex-a9 -mfpu=vfpv3 -mfloat-abi=hard -nostartfiles -g -Wall -Wextra"
"Compiling standalone"
In file included from usleep.c:56:0:
xtime_l.h:87:9: note: #pragma message: For the sleep routines, Global timer is being used
 #pragma message ("For the sleep routines, Global timer is being used")
         ^~~~~~~
In file included from xil_sleeptimer.c:51:0:
xtime_l.h:87:9: note: #pragma message: For the sleep routines, Global timer is being used
 #pragma message ("For the sleep routines, Global timer is being used")
         ^~~~~~~
In file included from xtime_l.c:49:0:
xtime_l.h:87:9: note: #pragma message: For the sleep routines, Global timer is being used
 #pragma message ("For the sleep routines, Global timer is being used")
         ^~~~~~~
In file included from sleep.c:53:0:
xtime_l.h:87:9: note: #pragma message: For the sleep routines, Global timer is being used
 #pragma message ("For the sleep routines, Global timer is being used")
         ^~~~~~~
"Running Make libs in ps7_cortexa9_0/libsrc/uartps_v3_7/src"
make -C ps7_cortexa9_0/libsrc/uartps_v3_7/src -s libs  "SHELL=CMD" "COMPILER=arm-none-eabi-gcc" "ARCHIVER=arm-none-eabi-ar" "COMPILER_FLAGS=  -O2 -c" "EXTRA_COMPILER_FLAGS=-mcpu=cortex-a9 -mfpu=vfpv3 -mfloat-abi=hard -nostartfiles -g -Wall -Wextra"
"Compiling uartps"
"Running Make libs in ps7_cortexa9_0/libsrc/usbps_v2_4/src"
make -C ps7_cortexa9_0/libsrc/usbps_v2_4/src -s libs  "SHELL=CMD" "COMPILER=arm-none-eabi-gcc" "ARCHIVER=arm-none-eabi-ar" "COMPILER_FLAGS=  -O2 -c" "EXTRA_COMPILER_FLAGS=-mcpu=cortex-a9 -mfpu=vfpv3 -mfloat-abi=hard -nostartfiles -g -Wall -Wextra"
"Compiling usbps"
"Running Make libs in ps7_cortexa9_0/libsrc/xadcps_v2_3/src"
make -C ps7_cortexa9_0/libsrc/xadcps_v2_3/src -s libs  "SHELL=CMD" "COMPILER=arm-none-eabi-gcc" "ARCHIVER=arm-none-eabi-ar" "COMPILER_FLAGS=  -O2 -c" "EXTRA_COMPILER_FLAGS=-mcpu=cortex-a9 -mfpu=vfpv3 -mfloat-abi=hard -nostartfiles -g -Wall -Wextra"
"Compiling xadcps"
'Finished building libraries'

**** Build of configuration Debug for project Lab1 ****

Nothing to build for project Lab1
14:11:17 **** Auto Build of configuration Debug for project Lab1 ****
make pre-build main-build 
a9-linaro-pre-build-step
' '
'Building file: ../src/adder.c'
'Invoking: ARM v7 gcc compiler'
arm-none-eabi-gcc -Wall -O0 -g3 -c -fmessage-length=0 -MT"src/adder.o" -mcpu=cortex-a9 -mfpu=vfpv3 -mfloat-abi=hard -I../../Lab1_bsp/ps7_cortexa9_0/include -MMD -MP -MF"src/adder.d" -MT"src/adder.o" -o "src/adder.o" "../src/adder.c"
'Finished building: ../src/adder.c'
' '
'Building target: Lab1.elf'
'Invoking: ARM v7 gcc linker'
arm-none-eabi-gcc -mcpu=cortex-a9 -mfpu=vfpv3 -mfloat-abi=hard -Wl,-build-id=none -specs=Xilinx.spec -Wl,-T -Wl,../src/lscript.ld -L../../Lab1_bsp/ps7_cortexa9_0/lib -o "Lab1.elf"  ./src/adder.o   -Wl,--start-group,-lxil,-lgcc,-lc,--end-group
../../Lab1_bsp/ps7_cortexa9_0/lib\libxil.a(xil-crt0.o): In function `_start':
C:\Users\julia\Documents\1195\Lab1\Lab1.sdk\Lab1_bsp\ps7_cortexa9_0\libsrc\standalone_v6_8\src/xil-crt0.S:138: undefined reference to `main'
collect2.exe: error: ld returned 1 exit status
make: *** [makefile:41: Lab1.elf] Error 1
14:18:26 **** Auto Build of configuration Debug for project Lab1 ****
make pre-build main-build 
a9-linaro-pre-build-step
' '
'Building file: ../src/adder.c'
'Invoking: ARM v7 gcc compiler'
arm-none-eabi-gcc -Wall -O0 -g3 -c -fmessage-length=0 -MT"src/adder.o" -mcpu=cortex-a9 -mfpu=vfpv3 -mfloat-abi=hard -I../../Lab1_bsp/ps7_cortexa9_0/include -MMD -MP -MF"src/adder.d" -MT"src/adder.o" -o "src/adder.o" "../src/adder.c"
../src/adder.c: In function 'main':
../src/adder.c:7:14: error: 'a' undeclared (first use in this function)
  regmap[0] = a;
              ^
../src/adder.c:7:14: note: each undeclared identifier is reported only once for each function it appears in
../src/adder.c:8:14: error: 'b' undeclared (first use in this function)
  regmap[1] = b;         // write to register 1 (REG1_OUT, input B of adder)
              ^
make: *** [src/subdir.mk:23: src/adder.o] Error 1
14:40:46 **** Auto Build of configuration Debug for project Lab1 ****
make pre-build main-build 
a9-linaro-pre-build-step
' '
'Building file: ../src/adder.c'
'Invoking: ARM v7 gcc compiler'
arm-none-eabi-gcc -Wall -O0 -g3 -c -fmessage-length=0 -MT"src/adder.o" -mcpu=cortex-a9 -mfpu=vfpv3 -mfloat-abi=hard -I../../Lab1_bsp/ps7_cortexa9_0/include -MMD -MP -MF"src/adder.d" -MT"src/adder.o" -o "src/adder.o" "../src/adder.c"
../src/adder.c: In function 'main':
../src/adder.c:11:38: error: 'a' undeclared (first use in this function)
  printf("%2zu + %2zu = %3zu (%s)\n", a, b, s, (s == a+b) ? "COR" : "ERR");
                                      ^
../src/adder.c:11:38: note: each undeclared identifier is reported only once for each function it appears in
../src/adder.c:11:41: error: 'b' undeclared (first use in this function)
  printf("%2zu + %2zu = %3zu (%s)\n", a, b, s, (s == a+b) ? "COR" : "ERR");
                                         ^
make: *** [src/subdir.mk:23: src/adder.o] Error 1
17:37:00 **** Build of project Lab1_bsp ****
make -k all 
"Running Make include in ps7_cortexa9_0/libsrc/coresightps_dcc_v1_4/src"
make -C ps7_cortexa9_0/libsrc/coresightps_dcc_v1_4/src -s include  "SHELL=CMD" "COMPILER=arm-none-eabi-gcc" "ARCHIVER=arm-none-eabi-ar" "COMPILER_FLAGS=  -O2 -c" "EXTRA_COMPILER_FLAGS=-mcpu=cortex-a9 -mfpu=vfpv3 -mfloat-abi=hard -nostartfiles -g -Wall -Wextra"
"Running Make include in ps7_cortexa9_0/libsrc/cpu_cortexa9_v2_7/src"
make -C ps7_cortexa9_0/libsrc/cpu_cortexa9_v2_7/src -s include  "SHELL=CMD" "COMPILER=arm-none-eabi-gcc" "ARCHIVER=arm-none-eabi-ar" "COMPILER_FLAGS=  -O2 -c" "EXTRA_COMPILER_FLAGS=-mcpu=cortex-a9 -mfpu=vfpv3 -mfloat-abi=hard -nostartfiles -g -Wall -Wextra"
"Running Make include in ps7_cortexa9_0/libsrc/ddrps_v1_0/src"
make -C ps7_cortexa9_0/libsrc/ddrps_v1_0/src -s include  "SHELL=CMD" "COMPILER=arm-none-eabi-gcc" "ARCHIVER=arm-none-eabi-ar" "COMPILER_FLAGS=  -O2 -c" "EXTRA_COMPILER_FLAGS=-mcpu=cortex-a9 -mfpu=vfpv3 -mfloat-abi=hard -nostartfiles -g -Wall -Wextra"
"Running Make include in ps7_cortexa9_0/libsrc/devcfg_v3_5/src"
make -C ps7_cortexa9_0/libsrc/devcfg_v3_5/src -s include  "SHELL=CMD" "COMPILER=arm-none-eabi-gcc" "ARCHIVER=arm-none-eabi-ar" "COMPILER_FLAGS=  -O2 -c" "EXTRA_COMPILER_FLAGS=-mcpu=cortex-a9 -mfpu=vfpv3 -mfloat-abi=hard -nostartfiles -g -Wall -Wextra"
"Running Make include in ps7_cortexa9_0/libsrc/dmaps_v2_4/src"
make -C ps7_cortexa9_0/libsrc/dmaps_v2_4/src -s include  "SHELL=CMD" "COMPILER=arm-none-eabi-gcc" "ARCHIVER=arm-none-eabi-ar" "COMPILER_FLAGS=  -O2 -c" "EXTRA_COMPILER_FLAGS=-mcpu=cortex-a9 -mfpu=vfpv3 -mfloat-abi=hard -nostartfiles -g -Wall -Wextra"
"Running Make include in ps7_cortexa9_0/libsrc/emacps_v3_8/src"
make -C ps7_cortexa9_0/libsrc/emacps_v3_8/src -s include  "SHELL=CMD" "COMPILER=arm-none-eabi-gcc" "ARCHIVER=arm-none-eabi-ar" "COMPILER_FLAGS=  -O2 -c" "EXTRA_COMPILER_FLAGS=-mcpu=cortex-a9 -mfpu=vfpv3 -mfloat-abi=hard -nostartfiles -g -Wall -Wextra"
"Running Make include in ps7_cortexa9_0/libsrc/gpiops_v3_4/src"
make -C ps7_cortexa9_0/libsrc/gpiops_v3_4/src -s include  "SHELL=CMD" "COMPILER=arm-none-eabi-gcc" "ARCHIVER=arm-none-eabi-ar" "COMPILER_FLAGS=  -O2 -c" "EXTRA_COMPILER_FLAGS=-mcpu=cortex-a9 -mfpu=vfpv3 -mfloat-abi=hard -nostartfiles -g -Wall -Wextra"
"Running Make include in ps7_cortexa9_0/libsrc/qspips_v3_5/src"
make -C ps7_cortexa9_0/libsrc/qspips_v3_5/src -s include  "SHELL=CMD" "COMPILER=arm-none-eabi-gcc" "ARCHIVER=arm-none-eabi-ar" "COMPILER_FLAGS=  -O2 -c" "EXTRA_COMPILER_FLAGS=-mcpu=cortex-a9 -mfpu=vfpv3 -mfloat-abi=hard -nostartfiles -g -Wall -Wextra"
"Running Make include in ps7_cortexa9_0/libsrc/scugic_v3_10/src"
make -C ps7_cortexa9_0/libsrc/scugic_v3_10/src -s include  "SHELL=CMD" "COMPILER=arm-none-eabi-gcc" "ARCHIVER=arm-none-eabi-ar" "COMPILER_FLAGS=  -O2 -c" "EXTRA_COMPILER_FLAGS=-mcpu=cortex-a9 -mfpu=vfpv3 -mfloat-abi=hard -nostartfiles -g -Wall -Wextra"
"Running Make include in ps7_cortexa9_0/libsrc/scutimer_v2_1/src"
make -C ps7_cortexa9_0/libsrc/scutimer_v2_1/src -s include  "SHELL=CMD" "COMPILER=arm-none-eabi-gcc" "ARCHIVER=arm-none-eabi-ar" "COMPILER_FLAGS=  -O2 -c" "EXTRA_COMPILER_FLAGS=-mcpu=cortex-a9 -mfpu=vfpv3 -mfloat-abi=hard -nostartfiles -g -Wall -Wextra"
"Running Make include in ps7_cortexa9_0/libsrc/scuwdt_v2_1/src"
make -C ps7_cortexa9_0/libsrc/scuwdt_v2_1/src -s include  "SHELL=CMD" "COMPILER=arm-none-eabi-gcc" "ARCHIVER=arm-none-eabi-ar" "COMPILER_FLAGS=  -O2 -c" "EXTRA_COMPILER_FLAGS=-mcpu=cortex-a9 -mfpu=vfpv3 -mfloat-abi=hard -nostartfiles -g -Wall -Wextra"
"Running Make include in ps7_cortexa9_0/libsrc/sdps_v3_6/src"
make -C ps7_cortexa9_0/libsrc/sdps_v3_6/src -s include  "SHELL=CMD" "COMPILER=arm-none-eabi-gcc" "ARCHIVER=arm-none-eabi-ar" "COMPILER_FLAGS=  -O2 -c" "EXTRA_COMPILER_FLAGS=-mcpu=cortex-a9 -mfpu=vfpv3 -mfloat-abi=hard -nostartfiles -g -Wall -Wextra"
"Running Make include in ps7_cortexa9_0/libsrc/standalone_v6_8/src"
make -C ps7_cortexa9_0/libsrc/standalone_v6_8/src -s include  "SHELL=CMD" "COMPILER=arm-none-eabi-gcc" "ARCHIVER=arm-none-eabi-ar" "COMPILER_FLAGS=  -O2 -c" "EXTRA_COMPILER_FLAGS=-mcpu=cortex-a9 -mfpu=vfpv3 -mfloat-abi=hard -nostartfiles -g -Wall -Wextra"
"Running Make include in ps7_cortexa9_0/libsrc/uartps_v3_7/src"
make -C ps7_cortexa9_0/libsrc/uartps_v3_7/src -s include  "SHELL=CMD" "COMPILER=arm-none-eabi-gcc" "ARCHIVER=arm-none-eabi-ar" "COMPILER_FLAGS=  -O2 -c" "EXTRA_COMPILER_FLAGS=-mcpu=cortex-a9 -mfpu=vfpv3 -mfloat-abi=hard -nostartfiles -g -Wall -Wextra"
"Running Make include in ps7_cortexa9_0/libsrc/usbps_v2_4/src"
make -C ps7_cortexa9_0/libsrc/usbps_v2_4/src -s include  "SHELL=CMD" "COMPILER=arm-none-eabi-gcc" "ARCHIVER=arm-none-eabi-ar" "COMPILER_FLAGS=  -O2 -c" "EXTRA_COMPILER_FLAGS=-mcpu=cortex-a9 -mfpu=vfpv3 -mfloat-abi=hard -nostartfiles -g -Wall -Wextra"
"Running Make include in ps7_cortexa9_0/libsrc/xadcps_v2_3/src"
make -C ps7_cortexa9_0/libsrc/xadcps_v2_3/src -s include  "SHELL=CMD" "COMPILER=arm-none-eabi-gcc" "ARCHIVER=arm-none-eabi-ar" "COMPILER_FLAGS=  -O2 -c" "EXTRA_COMPILER_FLAGS=-mcpu=cortex-a9 -mfpu=vfpv3 -mfloat-abi=hard -nostartfiles -g -Wall -Wextra"
"Running Make libs in ps7_cortexa9_0/libsrc/coresightps_dcc_v1_4/src"
make -C ps7_cortexa9_0/libsrc/coresightps_dcc_v1_4/src -s libs  "SHELL=CMD" "COMPILER=arm-none-eabi-gcc" "ARCHIVER=arm-none-eabi-ar" "COMPILER_FLAGS=  -O2 -c" "EXTRA_COMPILER_FLAGS=-mcpu=cortex-a9 -mfpu=vfpv3 -mfloat-abi=hard -nostartfiles -g -Wall -Wextra"
"Compiling coresightps_dcc"
"Running Make libs in ps7_cortexa9_0/libsrc/cpu_cortexa9_v2_7/src"
make -C ps7_cortexa9_0/libsrc/cpu_cortexa9_v2_7/src -s libs  "SHELL=CMD" "COMPILER=arm-none-eabi-gcc" "ARCHIVER=arm-none-eabi-ar" "COMPILER_FLAGS=  -O2 -c" "EXTRA_COMPILER_FLAGS=-mcpu=cortex-a9 -mfpu=vfpv3 -mfloat-abi=hard -nostartfiles -g -Wall -Wextra"
"Compiling cpu_cortexa9"
"Running Make libs in ps7_cortexa9_0/libsrc/ddrps_v1_0/src"
make -C ps7_cortexa9_0/libsrc/ddrps_v1_0/src -s libs  "SHELL=CMD" "COMPILER=arm-none-eabi-gcc" "ARCHIVER=arm-none-eabi-ar" "COMPILER_FLAGS=  -O2 -c" "EXTRA_COMPILER_FLAGS=-mcpu=cortex-a9 -mfpu=vfpv3 -mfloat-abi=hard -nostartfiles -g -Wall -Wextra"
"Compiling ddrps"
"Running Make libs in ps7_cortexa9_0/libsrc/devcfg_v3_5/src"
make -C ps7_cortexa9_0/libsrc/devcfg_v3_5/src -s libs  "SHELL=CMD" "COMPILER=arm-none-eabi-gcc" "ARCHIVER=arm-none-eabi-ar" "COMPILER_FLAGS=  -O2 -c" "EXTRA_COMPILER_FLAGS=-mcpu=cortex-a9 -mfpu=vfpv3 -mfloat-abi=hard -nostartfiles -g -Wall -Wextra"
"Compiling devcfg"
"Running Make libs in ps7_cortexa9_0/libsrc/dmaps_v2_4/src"
make -C ps7_cortexa9_0/libsrc/dmaps_v2_4/src -s libs  "SHELL=CMD" "COMPILER=arm-none-eabi-gcc" "ARCHIVER=arm-none-eabi-ar" "COMPILER_FLAGS=  -O2 -c" "EXTRA_COMPILER_FLAGS=-mcpu=cortex-a9 -mfpu=vfpv3 -mfloat-abi=hard -nostartfiles -g -Wall -Wextra"
"Compiling dmaps"
"Running Make libs in ps7_cortexa9_0/libsrc/emacps_v3_8/src"
make -C ps7_cortexa9_0/libsrc/emacps_v3_8/src -s libs  "SHELL=CMD" "COMPILER=arm-none-eabi-gcc" "ARCHIVER=arm-none-eabi-ar" "COMPILER_FLAGS=  -O2 -c" "EXTRA_COMPILER_FLAGS=-mcpu=cortex-a9 -mfpu=vfpv3 -mfloat-abi=hard -nostartfiles -g -Wall -Wextra"
"Compiling emacps"
"Running Make libs in ps7_cortexa9_0/libsrc/gpiops_v3_4/src"
make -C ps7_cortexa9_0/libsrc/gpiops_v3_4/src -s libs  "SHELL=CMD" "COMPILER=arm-none-eabi-gcc" "ARCHIVER=arm-none-eabi-ar" "COMPILER_FLAGS=  -O2 -c" "EXTRA_COMPILER_FLAGS=-mcpu=cortex-a9 -mfpu=vfpv3 -mfloat-abi=hard -nostartfiles -g -Wall -Wextra"
"Compiling gpiops"
"Running Make libs in ps7_cortexa9_0/libsrc/qspips_v3_5/src"
make -C ps7_cortexa9_0/libsrc/qspips_v3_5/src -s libs  "SHELL=CMD" "COMPILER=arm-none-eabi-gcc" "ARCHIVER=arm-none-eabi-ar" "COMPILER_FLAGS=  -O2 -c" "EXTRA_COMPILER_FLAGS=-mcpu=cortex-a9 -mfpu=vfpv3 -mfloat-abi=hard -nostartfiles -g -Wall -Wextra"
"Compiling qspips"
"Running Make libs in ps7_cortexa9_0/libsrc/scugic_v3_10/src"
make -C ps7_cortexa9_0/libsrc/scugic_v3_10/src -s libs  "SHELL=CMD" "COMPILER=arm-none-eabi-gcc" "ARCHIVER=arm-none-eabi-ar" "COMPILER_FLAGS=  -O2 -c" "EXTRA_COMPILER_FLAGS=-mcpu=cortex-a9 -mfpu=vfpv3 -mfloat-abi=hard -nostartfiles -g -Wall -Wextra"
"Compiling scugic"
"Running Make libs in ps7_cortexa9_0/libsrc/scutimer_v2_1/src"
make -C ps7_cortexa9_0/libsrc/scutimer_v2_1/src -s libs  "SHELL=CMD" "COMPILER=arm-none-eabi-gcc" "ARCHIVER=arm-none-eabi-ar" "COMPILER_FLAGS=  -O2 -c" "EXTRA_COMPILER_FLAGS=-mcpu=cortex-a9 -mfpu=vfpv3 -mfloat-abi=hard -nostartfiles -g -Wall -Wextra"
"Compiling scutimer"
"Running Make libs in ps7_cortexa9_0/libsrc/scuwdt_v2_1/src"
make -C ps7_cortexa9_0/libsrc/scuwdt_v2_1/src -s libs  "SHELL=CMD" "COMPILER=arm-none-eabi-gcc" "ARCHIVER=arm-none-eabi-ar" "COMPILER_FLAGS=  -O2 -c" "EXTRA_COMPILER_FLAGS=-mcpu=cortex-a9 -mfpu=vfpv3 -mfloat-abi=hard -nostartfiles -g -Wall -Wextra"
"Compiling scuwdt"
"Running Make libs in ps7_cortexa9_0/libsrc/sdps_v3_6/src"
make -C ps7_cortexa9_0/libsrc/sdps_v3_6/src -s libs  "SHELL=CMD" "COMPILER=arm-none-eabi-gcc" "ARCHIVER=arm-none-eabi-ar" "COMPILER_FLAGS=  -O2 -c" "EXTRA_COMPILER_FLAGS=-mcpu=cortex-a9 -mfpu=vfpv3 -mfloat-abi=hard -nostartfiles -g -Wall -Wextra"
"Compiling sdps"
"Running Make libs in ps7_cortexa9_0/libsrc/standalone_v6_8/src"
make -C ps7_cortexa9_0/libsrc/standalone_v6_8/src -s libs  "SHELL=CMD" "COMPILER=arm-none-eabi-gcc" "ARCHIVER=arm-none-eabi-ar" "COMPILER_FLAGS=  -O2 -c" "EXTRA_COMPILER_FLAGS=-mcpu=cortex-a9 -mfpu=vfpv3 -mfloat-abi=hard -nostartfiles -g -Wall -Wextra"
"Compiling standalone"
In file included from usleep.c:56:0:
xtime_l.h:87:9: note: #pragma message: For the sleep routines, Global timer is being used
 #pragma message ("For the sleep routines, Global timer is being used")
         ^~~~~~~
In file included from sleep.c:53:0:
xtime_l.h:87:9: note: #pragma message: For the sleep routines, Global timer is being used
 #pragma message ("For the sleep routines, Global timer is being used")
         ^~~~~~~
In file included from xil_sleeptimer.c:51:0:
xtime_l.h:87:9: note: #pragma message: For the sleep routines, Global timer is being used
 #pragma message ("For the sleep routines, Global timer is being used")
         ^~~~~~~
In file included from xtime_l.c:49:0:
xtime_l.h:87:9: note: #pragma message: For the sleep routines, Global timer is being used
 #pragma message ("For the sleep routines, Global timer is being used")
         ^~~~~~~
"Running Make libs in ps7_cortexa9_0/libsrc/uartps_v3_7/src"
make -C ps7_cortexa9_0/libsrc/uartps_v3_7/src -s libs  "SHELL=CMD" "COMPILER=arm-none-eabi-gcc" "ARCHIVER=arm-none-eabi-ar" "COMPILER_FLAGS=  -O2 -c" "EXTRA_COMPILER_FLAGS=-mcpu=cortex-a9 -mfpu=vfpv3 -mfloat-abi=hard -nostartfiles -g -Wall -Wextra"
"Compiling uartps"
"Running Make libs in ps7_cortexa9_0/libsrc/usbps_v2_4/src"
make -C ps7_cortexa9_0/libsrc/usbps_v2_4/src -s libs  "SHELL=CMD" "COMPILER=arm-none-eabi-gcc" "ARCHIVER=arm-none-eabi-ar" "COMPILER_FLAGS=  -O2 -c" "EXTRA_COMPILER_FLAGS=-mcpu=cortex-a9 -mfpu=vfpv3 -mfloat-abi=hard -nostartfiles -g -Wall -Wextra"
"Compiling usbps"
"Running Make libs in ps7_cortexa9_0/libsrc/xadcps_v2_3/src"
make -C ps7_cortexa9_0/libsrc/xadcps_v2_3/src -s libs  "SHELL=CMD" "COMPILER=arm-none-eabi-gcc" "ARCHIVER=arm-none-eabi-ar" "COMPILER_FLAGS=  -O2 -c" "EXTRA_COMPILER_FLAGS=-mcpu=cortex-a9 -mfpu=vfpv3 -mfloat-abi=hard -nostartfiles -g -Wall -Wextra"
"Compiling xadcps"
'Finished building libraries'
17:37:25 **** Clean-only build of configuration Debug for project Lab1 ****
make clean 
rm -rf  ./src/adder.o  ./src/adder.d  Lab1.elf.size  Lab1.elf
' '
17:37:25 **** Build of configuration Debug for project Lab1 ****
make pre-build main-build 
a9-linaro-pre-build-step
' '
'Building file: ../src/adder.c'
'Invoking: ARM v7 gcc compiler'
arm-none-eabi-gcc -Wall -O0 -g3 -c -fmessage-length=0 -MT"src/adder.o" -mcpu=cortex-a9 -mfpu=vfpv3 -mfloat-abi=hard -I../../Lab1_bsp/ps7_cortexa9_0/include -MMD -MP -MF"src/adder.d" -MT"src/adder.o" -o "src/adder.o" "../src/adder.c"
../src/adder.c: In function 'main':
../src/adder.c:11:38: error: 'a' undeclared (first use in this function)
  printf("%2zu + %2zu = %3zu (%s)\n", a, b, s, (s == 3) ? "COR" : "ERR");
                                      ^
../src/adder.c:11:38: note: each undeclared identifier is reported only once for each function it appears in
../src/adder.c:11:41: error: 'b' undeclared (first use in this function)
  printf("%2zu + %2zu = %3zu (%s)\n", a, b, s, (s == 3) ? "COR" : "ERR");
                                         ^
make: *** [src/subdir.mk:23: src/adder.o] Error 1
17:44:20 **** Auto Build of configuration Debug for project Lab1 ****
make pre-build main-build 
a9-linaro-pre-build-step
' '
'Building file: ../src/adder.c'
'Invoking: ARM v7 gcc compiler'
arm-none-eabi-gcc -Wall -O0 -g3 -c -fmessage-length=0 -MT"src/adder.o" -mcpu=cortex-a9 -mfpu=vfpv3 -mfloat-abi=hard -I../../Lab1_bsp/ps7_cortexa9_0/include -MMD -MP -MF"src/adder.d" -MT"src/adder.o" -o "src/adder.o" "../src/adder.c"
../src/adder.c: In function 'main':
../src/adder.c:13:2: error: expected ',' or ';' before 'printf'
  printf("%2zu + %2zu = %3zu (%s)\n", a, b, s, (s == 3) ? "COR" : "ERR");
  ^~~~~~
../src/adder.c:12:9: warning: unused variable 'cout' [-Wunused-variable]
  size_t cout = regmap[1] // cout value
         ^~~~
../src/adder.c:11:9: warning: unused variable 's' [-Wunused-variable]
  size_t s  = regmap[0];  // read from register 0 (REG0_IN, output S of adder)
         ^
../src/adder.c: At top level:
../src/adder.c:18:1: warning: data definition has no type or storage class
 regmap[2]=0; //K
 ^~~~~~
../src/adder.c:18:1: warning: type defaults to 'int' in declaration of 'regmap' [-Wimplicit-int]
../src/adder.c:18:11: error: invalid initializer
 regmap[2]=0; //K
           ^
../src/adder.c:19:1: warning: data definition has no type or storage class
 regmap[0]=2147483647; //A
 ^~~~~~
../src/adder.c:19:1: warning: type defaults to 'int' in declaration of 'regmap' [-Wimplicit-int]
../src/adder.c:19:1: error: conflicting types for 'regmap'
../src/adder.c:18:1: note: previous definition of 'regmap' was here
 regmap[2]=0; //K
 ^~~~~~
../src/adder.c:19:11: error: invalid initializer
 regmap[0]=2147483647; //A
           ^~~~~~~~~~
../src/adder.c:20:1: warning: data definition has no type or storage class
 regmap[1]=1; //B
 ^~~~~~
../src/adder.c:20:1: warning: type defaults to 'int' in declaration of 'regmap' [-Wimplicit-int]
../src/adder.c:20:1: error: conflicting types for 'regmap'
../src/adder.c:18:1: note: previous definition of 'regmap' was here
 regmap[2]=0; //K
 ^~~~~~
../src/adder.c:20:11: error: invalid initializer
 regmap[1]=1; //B
           ^
../src/adder.c:21:12: error: initializer element is not constant
 size_t r = regmap[0]; // S
            ^~~~~~
../src/adder.c:22:12: error: initializer element is not constant
 size_t t = regmap[2]; // Cout
            ^~~~~~
../src/adder.c:23:8: error: expected declaration specifiers or '...' before string constant
 printf("S =%d\n", r); //print S value
        ^~~~~~~~~
../src/adder.c:23:19: error: expected declaration specifiers or '...' before 'r'
 printf("S =%d\n", r); //print S value
                   ^
../src/adder.c:24:8: error: expected declaration specifiers or '...' before string constant
 printf("Cout =%\n", t);//print carry
        ^~~~~~~~~~~
../src/adder.c:24:21: error: expected declaration specifiers or '...' before 't'
 printf("Cout =%\n", t);//print carry
                     ^
make: *** [src/subdir.mk:23: src/adder.o] Error 1
17:44:55 **** Auto Build of configuration Debug for project Lab1 ****
make pre-build main-build 
a9-linaro-pre-build-step
' '
'Building file: ../src/adder.c'
'Invoking: ARM v7 gcc compiler'
arm-none-eabi-gcc -Wall -O0 -g3 -c -fmessage-length=0 -MT"src/adder.o" -mcpu=cortex-a9 -mfpu=vfpv3 -mfloat-abi=hard -I../../Lab1_bsp/ps7_cortexa9_0/include -MMD -MP -MF"src/adder.d" -MT"src/adder.o" -o "src/adder.o" "../src/adder.c"
../src/adder.c: In function 'main':
../src/adder.c:13:2: error: expected ',' or ';' before 'printf'
  printf("%2zu + %2zu = %3zu (%s)\n", regmap[0], regmap[1], s, (s == 3) ? "COR" : "ERR");
  ^~~~~~
../src/adder.c:12:9: warning: unused variable 'cout' [-Wunused-variable]
  size_t cout = regmap[1] // cout value
         ^~~~
../src/adder.c:11:9: warning: unused variable 's' [-Wunused-variable]
  size_t s  = regmap[0];  // read from register 0 (REG0_IN, output S of adder)
         ^
make: *** [src/subdir.mk:23: src/adder.o] Error 1
17:45:09 **** Auto Build of configuration Debug for project Lab1 ****
make pre-build main-build 
a9-linaro-pre-build-step
' '
'Building file: ../src/adder.c'
'Invoking: ARM v7 gcc compiler'
arm-none-eabi-gcc -Wall -O0 -g3 -c -fmessage-length=0 -MT"src/adder.o" -mcpu=cortex-a9 -mfpu=vfpv3 -mfloat-abi=hard -I../../Lab1_bsp/ps7_cortexa9_0/include -MMD -MP -MF"src/adder.d" -MT"src/adder.o" -o "src/adder.o" "../src/adder.c"
../src/adder.c: In function 'main':
../src/adder.c:13:13: warning: format '%zu' expects argument of type 'size_t', but argument 2 has type 'uint32_t {aka long unsigned int}' [-Wformat=]
  printf("%2zu + %2zu = %3zu (%s)\n", regmap[0], regmap[1], s, (s == 3) ? "COR" : "ERR");
          ~~~^                        ~~~~~~~~~
          %2lu
../src/adder.c:13:20: warning: format '%zu' expects argument of type 'size_t', but argument 3 has type 'uint32_t {aka long unsigned int}' [-Wformat=]
  printf("%2zu + %2zu = %3zu (%s)\n", regmap[0], regmap[1], s, (s == 3) ? "COR" : "ERR");
                 ~~~^                            ~~~~~~~~~
                 %2lu
../src/adder.c:12:9: warning: unused variable 'cout' [-Wunused-variable]
  size_t cout = regmap[1]; // cout value
         ^~~~
'Finished building: ../src/adder.c'
' '
'Building target: Lab1.elf'
'Invoking: ARM v7 gcc linker'
arm-none-eabi-gcc -mcpu=cortex-a9 -mfpu=vfpv3 -mfloat-abi=hard -Wl,-build-id=none -specs=Xilinx.spec -Wl,-T -Wl,../src/lscript.ld -L../../Lab1_bsp/ps7_cortexa9_0/lib -o "Lab1.elf"  ./src/adder.o   -Wl,--start-group,-lxil,-lgcc,-lc,--end-group
'Finished building target: Lab1.elf'
' '
'Invoking: ARM v7 Print Size'
arm-none-eabi-size Lab1.elf  |tee "Lab1.elf.size"
   text	   data	    bss	    dec	    hex	filename
  70376	   2580	  23328	  96284	  1781c	Lab1.elf
'Finished building: Lab1.elf.size'
' '
17:47:22 **** Incremental Build of configuration Debug for project Lab1 ****
make pre-build main-build 
a9-linaro-pre-build-step
' '
make: Nothing to be done for 'main-build'.
17:48:08 **** Incremental Build of configuration Debug for project Lab1 ****
make pre-build main-build 
a9-linaro-pre-build-step
' '
make: Nothing to be done for 'main-build'.
17:48:55 **** Auto Build of configuration Debug for project Lab1 ****
make pre-build main-build 
a9-linaro-pre-build-step
' '
'Building file: ../src/adder.c'
'Invoking: ARM v7 gcc compiler'
arm-none-eabi-gcc -Wall -O0 -g3 -c -fmessage-length=0 -MT"src/adder.o" -mcpu=cortex-a9 -mfpu=vfpv3 -mfloat-abi=hard -I../../Lab1_bsp/ps7_cortexa9_0/include -MMD -MP -MF"src/adder.d" -MT"src/adder.o" -o "src/adder.o" "../src/adder.c"
../src/adder.c: In function 'main':
../src/adder.c:13:13: warning: format '%zu' expects argument of type 'size_t', but argument 2 has type 'uint32_t {aka long unsigned int}' [-Wformat=]
  printf("%2zu + %2zu = %3zu (%s)\n", regmap[0], regmap[1], s, (s == 3) ? "COR" : "ERR");
          ~~~^                        ~~~~~~~~~
          %2lu
../src/adder.c:13:20: warning: format '%zu' expects argument of type 'size_t', but argument 3 has type 'uint32_t {aka long unsigned int}' [-Wformat=]
  printf("%2zu + %2zu = %3zu (%s)\n", regmap[0], regmap[1], s, (s == 3) ? "COR" : "ERR");
                 ~~~^                            ~~~~~~~~~
                 %2lu
../src/adder.c:22:17: warning: unknown conversion type character '\x0a' in format [-Wformat=]
  printf("Cout =%\n", t);//print carry
                 ^~
../src/adder.c:22:9: warning: too many arguments for format [-Wformat-extra-args]
  printf("Cout =%\n", t);//print carry
         ^~~~~~~~~~~
../src/adder.c:12:9: warning: unused variable 'cout' [-Wunused-variable]
  size_t cout = regmap[1]; // cout value
         ^~~~
'Finished building: ../src/adder.c'
' '
'Building target: Lab1.elf'
'Invoking: ARM v7 gcc linker'
arm-none-eabi-gcc -mcpu=cortex-a9 -mfpu=vfpv3 -mfloat-abi=hard -Wl,-build-id=none -specs=Xilinx.spec -Wl,-T -Wl,../src/lscript.ld -L../../Lab1_bsp/ps7_cortexa9_0/lib -o "Lab1.elf"  ./src/adder.o   -Wl,--start-group,-lxil,-lgcc,-lc,--end-group
'Finished building target: Lab1.elf'
' '
'Invoking: ARM v7 Print Size'
arm-none-eabi-size Lab1.elf  |tee "Lab1.elf.size"
   text	   data	    bss	    dec	    hex	filename
  70520	   2580	  23328	  96428	  178ac	Lab1.elf
'Finished building: Lab1.elf.size'
' '
17:49:14 **** Incremental Build of configuration Debug for project Lab1 ****
make pre-build main-build 
a9-linaro-pre-build-step
' '
'Building file: ../src/adder.c'
'Invoking: ARM v7 gcc compiler'
arm-none-eabi-gcc -Wall -O0 -g3 -c -fmessage-length=0 -MT"src/adder.o" -mcpu=cortex-a9 -mfpu=vfpv3 -mfloat-abi=hard -I../../Lab1_bsp/ps7_cortexa9_0/include -MMD -MP -MF"src/adder.d" -MT"src/adder.o" -o "src/adder.o" "../src/adder.c"
../src/adder.c: In function 'main':
../src/adder.c:13:13: warning: format '%zu' expects argument of type 'size_t', but argument 2 has type 'uint32_t {aka long unsigned int}' [-Wformat=]
  printf("%2zu + %2zu = %3zu (%s)\n", regmap[0], regmap[1], s, (s == 3) ? "COR" : "ERR");
          ~~~^                        ~~~~~~~~~
          %2lu
../src/adder.c:13:20: warning: format '%zu' expects argument of type 'size_t', but argument 3 has type 'uint32_t {aka long unsigned int}' [-Wformat=]
  printf("%2zu + %2zu = %3zu (%s)\n", regmap[0], regmap[1], s, (s == 3) ? "COR" : "ERR");
                 ~~~^                            ~~~~~~~~~
                 %2lu
../src/adder.c:22:17: warning: unknown conversion type character '\x0a' in format [-Wformat=]
  printf("Cout =%\n", t);//print carry
                 ^~
../src/adder.c:22:9: warning: too many arguments for format [-Wformat-extra-args]
  printf("Cout =%\n", t);//print carry
         ^~~~~~~~~~~
../src/adder.c:12:9: warning: unused variable 'cout' [-Wunused-variable]
  size_t cout = regmap[1]; // cout value
         ^~~~
'Finished building: ../src/adder.c'
' '
'Building target: Lab1.elf'
'Invoking: ARM v7 gcc linker'
arm-none-eabi-gcc -mcpu=cortex-a9 -mfpu=vfpv3 -mfloat-abi=hard -Wl,-build-id=none -specs=Xilinx.spec -Wl,-T -Wl,../src/lscript.ld -L../../Lab1_bsp/ps7_cortexa9_0/lib -o "Lab1.elf"  ./src/adder.o   -Wl,--start-group,-lxil,-lgcc,-lc,--end-group
'Finished building target: Lab1.elf'
' '
'Invoking: ARM v7 Print Size'
arm-none-eabi-size Lab1.elf  |tee "Lab1.elf.size"
   text	   data	    bss	    dec	    hex	filename
  70520	   2580	  23328	  96428	  178ac	Lab1.elf
'Finished building: Lab1.elf.size'
' '
17:50:46 **** Auto Build of configuration Debug for project Lab1 ****
make pre-build main-build 
a9-linaro-pre-build-step
' '
'Building file: ../src/adder.c'
'Invoking: ARM v7 gcc compiler'
arm-none-eabi-gcc -Wall -O0 -g3 -c -fmessage-length=0 -MT"src/adder.o" -mcpu=cortex-a9 -mfpu=vfpv3 -mfloat-abi=hard -I../../Lab1_bsp/ps7_cortexa9_0/include -MMD -MP -MF"src/adder.d" -MT"src/adder.o" -o "src/adder.o" "../src/adder.c"
../src/adder.c: In function 'main':
../src/adder.c:13:13: warning: format '%zu' expects argument of type 'size_t', but argument 2 has type 'uint32_t {aka long unsigned int}' [-Wformat=]
  printf("%2zu + %2zu = %3zu (%s)\n", regmap[0], regmap[1], s, (s == 3) ? "COR" : "ERR");
          ~~~^                        ~~~~~~~~~
          %2lu
../src/adder.c:13:20: warning: format '%zu' expects argument of type 'size_t', but argument 3 has type 'uint32_t {aka long unsigned int}' [-Wformat=]
  printf("%2zu + %2zu = %3zu (%s)\n", regmap[0], regmap[1], s, (s == 3) ? "COR" : "ERR");
                 ~~~^                            ~~~~~~~~~
                 %2lu
../src/adder.c:14:14: warning: format '%d' expects argument of type 'int', but argument 2 has type 'uint32_t {aka long unsigned int}' [-Wformat=]
  printf("K =%d\n", regmap[2]); //print S value
             ~^     ~~~~~~~~~
             %ld
../src/adder.c:24:17: warning: unknown conversion type character '\x0a' in format [-Wformat=]
  printf("Cout =%\n", t);//print carry
                 ^~
../src/adder.c:24:9: warning: too many arguments for format [-Wformat-extra-args]
  printf("Cout =%\n", t);//print carry
         ^~~~~~~~~~~
'Finished building: ../src/adder.c'
' '
'Building target: Lab1.elf'
'Invoking: ARM v7 gcc linker'
arm-none-eabi-gcc -mcpu=cortex-a9 -mfpu=vfpv3 -mfloat-abi=hard -Wl,-build-id=none -specs=Xilinx.spec -Wl,-T -Wl,../src/lscript.ld -L../../Lab1_bsp/ps7_cortexa9_0/lib -o "Lab1.elf"  ./src/adder.o   -Wl,--start-group,-lxil,-lgcc,-lc,--end-group
'Finished building target: Lab1.elf'
' '
'Invoking: ARM v7 Print Size'
arm-none-eabi-size Lab1.elf  |tee "Lab1.elf.size"
   text	   data	    bss	    dec	    hex	filename
  70608	   2580	  23328	  96516	  17904	Lab1.elf
'Finished building: Lab1.elf.size'
' '
17:51:07 **** Incremental Build of configuration Debug for project Lab1 ****
make pre-build main-build 
a9-linaro-pre-build-step
' '
make: Nothing to be done for 'main-build'.
17:52:24 **** Incremental Build of configuration Debug for project Lab1 ****
make pre-build main-build 
a9-linaro-pre-build-step
' '
make: Nothing to be done for 'main-build'.
17:55:53 **** Incremental Build of configuration Debug for project Lab1 ****
make pre-build main-build 
a9-linaro-pre-build-step
' '
make: Nothing to be done for 'main-build'.
17:57:27 **** Build of project Test_bsp ****
make -k all 
"Running Make include in ps7_cortexa9_0/libsrc/coresightps_dcc_v1_4/src"
make -C ps7_cortexa9_0/libsrc/coresightps_dcc_v1_4/src -s include  "SHELL=CMD" "COMPILER=arm-none-eabi-gcc" "ARCHIVER=arm-none-eabi-ar" "COMPILER_FLAGS=  -O2 -c" "EXTRA_COMPILER_FLAGS=-mcpu=cortex-a9 -mfpu=vfpv3 -mfloat-abi=hard -nostartfiles -g -Wall -Wextra"
"Running Make include in ps7_cortexa9_0/libsrc/cpu_cortexa9_v2_7/src"
make -C ps7_cortexa9_0/libsrc/cpu_cortexa9_v2_7/src -s include  "SHELL=CMD" "COMPILER=arm-none-eabi-gcc" "ARCHIVER=arm-none-eabi-ar" "COMPILER_FLAGS=  -O2 -c" "EXTRA_COMPILER_FLAGS=-mcpu=cortex-a9 -mfpu=vfpv3 -mfloat-abi=hard -nostartfiles -g -Wall -Wextra"
"Running Make include in ps7_cortexa9_0/libsrc/ddrps_v1_0/src"
make -C ps7_cortexa9_0/libsrc/ddrps_v1_0/src -s include  "SHELL=CMD" "COMPILER=arm-none-eabi-gcc" "ARCHIVER=arm-none-eabi-ar" "COMPILER_FLAGS=  -O2 -c" "EXTRA_COMPILER_FLAGS=-mcpu=cortex-a9 -mfpu=vfpv3 -mfloat-abi=hard -nostartfiles -g -Wall -Wextra"
"Running Make include in ps7_cortexa9_0/libsrc/devcfg_v3_5/src"
make -C ps7_cortexa9_0/libsrc/devcfg_v3_5/src -s include  "SHELL=CMD" "COMPILER=arm-none-eabi-gcc" "ARCHIVER=arm-none-eabi-ar" "COMPILER_FLAGS=  -O2 -c" "EXTRA_COMPILER_FLAGS=-mcpu=cortex-a9 -mfpu=vfpv3 -mfloat-abi=hard -nostartfiles -g -Wall -Wextra"
"Running Make include in ps7_cortexa9_0/libsrc/dmaps_v2_4/src"
make -C ps7_cortexa9_0/libsrc/dmaps_v2_4/src -s include  "SHELL=CMD" "COMPILER=arm-none-eabi-gcc" "ARCHIVER=arm-none-eabi-ar" "COMPILER_FLAGS=  -O2 -c" "EXTRA_COMPILER_FLAGS=-mcpu=cortex-a9 -mfpu=vfpv3 -mfloat-abi=hard -nostartfiles -g -Wall -Wextra"
"Running Make include in ps7_cortexa9_0/libsrc/emacps_v3_8/src"
make -C ps7_cortexa9_0/libsrc/emacps_v3_8/src -s include  "SHELL=CMD" "COMPILER=arm-none-eabi-gcc" "ARCHIVER=arm-none-eabi-ar" "COMPILER_FLAGS=  -O2 -c" "EXTRA_COMPILER_FLAGS=-mcpu=cortex-a9 -mfpu=vfpv3 -mfloat-abi=hard -nostartfiles -g -Wall -Wextra"
"Running Make include in ps7_cortexa9_0/libsrc/gpiops_v3_4/src"
make -C ps7_cortexa9_0/libsrc/gpiops_v3_4/src -s include  "SHELL=CMD" "COMPILER=arm-none-eabi-gcc" "ARCHIVER=arm-none-eabi-ar" "COMPILER_FLAGS=  -O2 -c" "EXTRA_COMPILER_FLAGS=-mcpu=cortex-a9 -mfpu=vfpv3 -mfloat-abi=hard -nostartfiles -g -Wall -Wextra"
"Running Make include in ps7_cortexa9_0/libsrc/qspips_v3_5/src"
make -C ps7_cortexa9_0/libsrc/qspips_v3_5/src -s include  "SHELL=CMD" "COMPILER=arm-none-eabi-gcc" "ARCHIVER=arm-none-eabi-ar" "COMPILER_FLAGS=  -O2 -c" "EXTRA_COMPILER_FLAGS=-mcpu=cortex-a9 -mfpu=vfpv3 -mfloat-abi=hard -nostartfiles -g -Wall -Wextra"
"Running Make include in ps7_cortexa9_0/libsrc/scugic_v3_10/src"
make -C ps7_cortexa9_0/libsrc/scugic_v3_10/src -s include  "SHELL=CMD" "COMPILER=arm-none-eabi-gcc" "ARCHIVER=arm-none-eabi-ar" "COMPILER_FLAGS=  -O2 -c" "EXTRA_COMPILER_FLAGS=-mcpu=cortex-a9 -mfpu=vfpv3 -mfloat-abi=hard -nostartfiles -g -Wall -Wextra"
"Running Make include in ps7_cortexa9_0/libsrc/scutimer_v2_1/src"
make -C ps7_cortexa9_0/libsrc/scutimer_v2_1/src -s include  "SHELL=CMD" "COMPILER=arm-none-eabi-gcc" "ARCHIVER=arm-none-eabi-ar" "COMPILER_FLAGS=  -O2 -c" "EXTRA_COMPILER_FLAGS=-mcpu=cortex-a9 -mfpu=vfpv3 -mfloat-abi=hard -nostartfiles -g -Wall -Wextra"
"Running Make include in ps7_cortexa9_0/libsrc/scuwdt_v2_1/src"
make -C ps7_cortexa9_0/libsrc/scuwdt_v2_1/src -s include  "SHELL=CMD" "COMPILER=arm-none-eabi-gcc" "ARCHIVER=arm-none-eabi-ar" "COMPILER_FLAGS=  -O2 -c" "EXTRA_COMPILER_FLAGS=-mcpu=cortex-a9 -mfpu=vfpv3 -mfloat-abi=hard -nostartfiles -g -Wall -Wextra"
"Running Make include in ps7_cortexa9_0/libsrc/sdps_v3_6/src"
make -C ps7_cortexa9_0/libsrc/sdps_v3_6/src -s include  "SHELL=CMD" "COMPILER=arm-none-eabi-gcc" "ARCHIVER=arm-none-eabi-ar" "COMPILER_FLAGS=  -O2 -c" "EXTRA_COMPILER_FLAGS=-mcpu=cortex-a9 -mfpu=vfpv3 -mfloat-abi=hard -nostartfiles -g -Wall -Wextra"
"Running Make include in ps7_cortexa9_0/libsrc/standalone_v6_8/src"
make -C ps7_cortexa9_0/libsrc/standalone_v6_8/src -s include  "SHELL=CMD" "COMPILER=arm-none-eabi-gcc" "ARCHIVER=arm-none-eabi-ar" "COMPILER_FLAGS=  -O2 -c" "EXTRA_COMPILER_FLAGS=-mcpu=cortex-a9 -mfpu=vfpv3 -mfloat-abi=hard -nostartfiles -g -Wall -Wextra"
"Running Make include in ps7_cortexa9_0/libsrc/uartps_v3_7/src"
make -C ps7_cortexa9_0/libsrc/uartps_v3_7/src -s include  "SHELL=CMD" "COMPILER=arm-none-eabi-gcc" "ARCHIVER=arm-none-eabi-ar" "COMPILER_FLAGS=  -O2 -c" "EXTRA_COMPILER_FLAGS=-mcpu=cortex-a9 -mfpu=vfpv3 -mfloat-abi=hard -nostartfiles -g -Wall -Wextra"
"Running Make include in ps7_cortexa9_0/libsrc/usbps_v2_4/src"
make -C ps7_cortexa9_0/libsrc/usbps_v2_4/src -s include  "SHELL=CMD" "COMPILER=arm-none-eabi-gcc" "ARCHIVER=arm-none-eabi-ar" "COMPILER_FLAGS=  -O2 -c" "EXTRA_COMPILER_FLAGS=-mcpu=cortex-a9 -mfpu=vfpv3 -mfloat-abi=hard -nostartfiles -g -Wall -Wextra"
"Running Make include in ps7_cortexa9_0/libsrc/xadcps_v2_3/src"
make -C ps7_cortexa9_0/libsrc/xadcps_v2_3/src -s include  "SHELL=CMD" "COMPILER=arm-none-eabi-gcc" "ARCHIVER=arm-none-eabi-ar" "COMPILER_FLAGS=  -O2 -c" "EXTRA_COMPILER_FLAGS=-mcpu=cortex-a9 -mfpu=vfpv3 -mfloat-abi=hard -nostartfiles -g -Wall -Wextra"
"Running Make libs in ps7_cortexa9_0/libsrc/coresightps_dcc_v1_4/src"
make -C ps7_cortexa9_0/libsrc/coresightps_dcc_v1_4/src -s libs  "SHELL=CMD" "COMPILER=arm-none-eabi-gcc" "ARCHIVER=arm-none-eabi-ar" "COMPILER_FLAGS=  -O2 -c" "EXTRA_COMPILER_FLAGS=-mcpu=cortex-a9 -mfpu=vfpv3 -mfloat-abi=hard -nostartfiles -g -Wall -Wextra"
"Compiling coresightps_dcc"
arm-none-eabi-ar: creating ../../../lib/libxil.a
"Running Make libs in ps7_cortexa9_0/libsrc/cpu_cortexa9_v2_7/src"
make -C ps7_cortexa9_0/libsrc/cpu_cortexa9_v2_7/src -s libs  "SHELL=CMD" "COMPILER=arm-none-eabi-gcc" "ARCHIVER=arm-none-eabi-ar" "COMPILER_FLAGS=  -O2 -c" "EXTRA_COMPILER_FLAGS=-mcpu=cortex-a9 -mfpu=vfpv3 -mfloat-abi=hard -nostartfiles -g -Wall -Wextra"
"Compiling cpu_cortexa9"
"Running Make libs in ps7_cortexa9_0/libsrc/ddrps_v1_0/src"
make -C ps7_cortexa9_0/libsrc/ddrps_v1_0/src -s libs  "SHELL=CMD" "COMPILER=arm-none-eabi-gcc" "ARCHIVER=arm-none-eabi-ar" "COMPILER_FLAGS=  -O2 -c" "EXTRA_COMPILER_FLAGS=-mcpu=cortex-a9 -mfpu=vfpv3 -mfloat-abi=hard -nostartfiles -g -Wall -Wextra"
"Compiling ddrps"
"Running Make libs in ps7_cortexa9_0/libsrc/devcfg_v3_5/src"
make -C ps7_cortexa9_0/libsrc/devcfg_v3_5/src -s libs  "SHELL=CMD" "COMPILER=arm-none-eabi-gcc" "ARCHIVER=arm-none-eabi-ar" "COMPILER_FLAGS=  -O2 -c" "EXTRA_COMPILER_FLAGS=-mcpu=cortex-a9 -mfpu=vfpv3 -mfloat-abi=hard -nostartfiles -g -Wall -Wextra"
"Compiling devcfg"
"Running Make libs in ps7_cortexa9_0/libsrc/dmaps_v2_4/src"
make -C ps7_cortexa9_0/libsrc/dmaps_v2_4/src -s libs  "SHELL=CMD" "COMPILER=arm-none-eabi-gcc" "ARCHIVER=arm-none-eabi-ar" "COMPILER_FLAGS=  -O2 -c" "EXTRA_COMPILER_FLAGS=-mcpu=cortex-a9 -mfpu=vfpv3 -mfloat-abi=hard -nostartfiles -g -Wall -Wextra"
"Compiling dmaps"
"Running Make libs in ps7_cortexa9_0/libsrc/emacps_v3_8/src"
make -C ps7_cortexa9_0/libsrc/emacps_v3_8/src -s libs  "SHELL=CMD" "COMPILER=arm-none-eabi-gcc" "ARCHIVER=arm-none-eabi-ar" "COMPILER_FLAGS=  -O2 -c" "EXTRA_COMPILER_FLAGS=-mcpu=cortex-a9 -mfpu=vfpv3 -mfloat-abi=hard -nostartfiles -g -Wall -Wextra"
"Compiling emacps"
"Running Make libs in ps7_cortexa9_0/libsrc/gpiops_v3_4/src"
make -C ps7_cortexa9_0/libsrc/gpiops_v3_4/src -s libs  "SHELL=CMD" "COMPILER=arm-none-eabi-gcc" "ARCHIVER=arm-none-eabi-ar" "COMPILER_FLAGS=  -O2 -c" "EXTRA_COMPILER_FLAGS=-mcpu=cortex-a9 -mfpu=vfpv3 -mfloat-abi=hard -nostartfiles -g -Wall -Wextra"
"Compiling gpiops"
"Running Make libs in ps7_cortexa9_0/libsrc/qspips_v3_5/src"
make -C ps7_cortexa9_0/libsrc/qspips_v3_5/src -s libs  "SHELL=CMD" "COMPILER=arm-none-eabi-gcc" "ARCHIVER=arm-none-eabi-ar" "COMPILER_FLAGS=  -O2 -c" "EXTRA_COMPILER_FLAGS=-mcpu=cortex-a9 -mfpu=vfpv3 -mfloat-abi=hard -nostartfiles -g -Wall -Wextra"
"Compiling qspips"
"Running Make libs in ps7_cortexa9_0/libsrc/scugic_v3_10/src"
make -C ps7_cortexa9_0/libsrc/scugic_v3_10/src -s libs  "SHELL=CMD" "COMPILER=arm-none-eabi-gcc" "ARCHIVER=arm-none-eabi-ar" "COMPILER_FLAGS=  -O2 -c" "EXTRA_COMPILER_FLAGS=-mcpu=cortex-a9 -mfpu=vfpv3 -mfloat-abi=hard -nostartfiles -g -Wall -Wextra"
"Compiling scugic"
"Running Make libs in ps7_cortexa9_0/libsrc/scutimer_v2_1/src"
make -C ps7_cortexa9_0/libsrc/scutimer_v2_1/src -s libs  "SHELL=CMD" "COMPILER=arm-none-eabi-gcc" "ARCHIVER=arm-none-eabi-ar" "COMPILER_FLAGS=  -O2 -c" "EXTRA_COMPILER_FLAGS=-mcpu=cortex-a9 -mfpu=vfpv3 -mfloat-abi=hard -nostartfiles -g -Wall -Wextra"
"Compiling scutimer"
"Running Make libs in ps7_cortexa9_0/libsrc/scuwdt_v2_1/src"
make -C ps7_cortexa9_0/libsrc/scuwdt_v2_1/src -s libs  "SHELL=CMD" "COMPILER=arm-none-eabi-gcc" "ARCHIVER=arm-none-eabi-ar" "COMPILER_FLAGS=  -O2 -c" "EXTRA_COMPILER_FLAGS=-mcpu=cortex-a9 -mfpu=vfpv3 -mfloat-abi=hard -nostartfiles -g -Wall -Wextra"
"Compiling scuwdt"
"Running Make libs in ps7_cortexa9_0/libsrc/sdps_v3_6/src"
make -C ps7_cortexa9_0/libsrc/sdps_v3_6/src -s libs  "SHELL=CMD" "COMPILER=arm-none-eabi-gcc" "ARCHIVER=arm-none-eabi-ar" "COMPILER_FLAGS=  -O2 -c" "EXTRA_COMPILER_FLAGS=-mcpu=cortex-a9 -mfpu=vfpv3 -mfloat-abi=hard -nostartfiles -g -Wall -Wextra"
"Compiling sdps"
"Running Make libs in ps7_cortexa9_0/libsrc/standalone_v6_8/src"
make -C ps7_cortexa9_0/libsrc/standalone_v6_8/src -s libs  "SHELL=CMD" "COMPILER=arm-none-eabi-gcc" "ARCHIVER=arm-none-eabi-ar" "COMPILER_FLAGS=  -O2 -c" "EXTRA_COMPILER_FLAGS=-mcpu=cortex-a9 -mfpu=vfpv3 -mfloat-abi=hard -nostartfiles -g -Wall -Wextra"
"Compiling standalone"
In file included from usleep.c:56:0:
xtime_l.h:87:9: note: #pragma message: For the sleep routines, Global timer is being used
 #pragma message ("For the sleep routines, Global timer is being used")
         ^~~~~~~
In file included from xil_sleeptimer.c:51:0:
xtime_l.h:87:9: note: #pragma message: For the sleep routines, Global timer is being used
 #pragma message ("For the sleep routines, Global timer is being used")
         ^~~~~~~
In file included from xtime_l.c:49:0:
xtime_l.h:87:9: note: #pragma message: For the sleep routines, Global timer is being used
 #pragma message ("For the sleep routines, Global timer is being used")
         ^~~~~~~
In file included from sleep.c:53:0:
xtime_l.h:87:9: note: #pragma message: For the sleep routines, Global timer is being used
 #pragma message ("For the sleep routines, Global timer is being used")
         ^~~~~~~
"Running Make libs in ps7_cortexa9_0/libsrc/uartps_v3_7/src"
make -C ps7_cortexa9_0/libsrc/uartps_v3_7/src -s libs  "SHELL=CMD" "COMPILER=arm-none-eabi-gcc" "ARCHIVER=arm-none-eabi-ar" "COMPILER_FLAGS=  -O2 -c" "EXTRA_COMPILER_FLAGS=-mcpu=cortex-a9 -mfpu=vfpv3 -mfloat-abi=hard -nostartfiles -g -Wall -Wextra"
"Compiling uartps"
"Running Make libs in ps7_cortexa9_0/libsrc/usbps_v2_4/src"
make -C ps7_cortexa9_0/libsrc/usbps_v2_4/src -s libs  "SHELL=CMD" "COMPILER=arm-none-eabi-gcc" "ARCHIVER=arm-none-eabi-ar" "COMPILER_FLAGS=  -O2 -c" "EXTRA_COMPILER_FLAGS=-mcpu=cortex-a9 -mfpu=vfpv3 -mfloat-abi=hard -nostartfiles -g -Wall -Wextra"
"Compiling usbps"
"Running Make libs in ps7_cortexa9_0/libsrc/xadcps_v2_3/src"
make -C ps7_cortexa9_0/libsrc/xadcps_v2_3/src -s libs  "SHELL=CMD" "COMPILER=arm-none-eabi-gcc" "ARCHIVER=arm-none-eabi-ar" "COMPILER_FLAGS=  -O2 -c" "EXTRA_COMPILER_FLAGS=-mcpu=cortex-a9 -mfpu=vfpv3 -mfloat-abi=hard -nostartfiles -g -Wall -Wextra"
"Compiling xadcps"
'Finished building libraries'

**** Build of configuration Debug for project Test ****

Nothing to build for project Test

****  of configuration Debug for project Test ****

Nothing to build for project Test
17:59:07 **** Auto Build of configuration Debug for project Lab1 ****
make pre-build main-build 
a9-linaro-pre-build-step
' '
'Building file: ../src/adder.c'
'Invoking: ARM v7 gcc compiler'
arm-none-eabi-gcc -Wall -O0 -g3 -c -fmessage-length=0 -MT"src/adder.o" -mcpu=cortex-a9 -mfpu=vfpv3 -mfloat-abi=hard -I../../Lab1_bsp/ps7_cortexa9_0/include -MMD -MP -MF"src/adder.d" -MT"src/adder.o" -o "src/adder.o" "../src/adder.c"
../src/adder.c: In function 'main':
../src/adder.c:13:13: warning: format '%zu' expects argument of type 'size_t', but argument 2 has type 'uint32_t {aka long unsigned int}' [-Wformat=]
  printf("%2zu + %2zu = %3zu (%s)\n", regmap[0], regmap[1], s, (s == 3) ? "COR" : "ERR");
          ~~~^                        ~~~~~~~~~
          %2lu
../src/adder.c:13:20: warning: format '%zu' expects argument of type 'size_t', but argument 3 has type 'uint32_t {aka long unsigned int}' [-Wformat=]
  printf("%2zu + %2zu = %3zu (%s)\n", regmap[0], regmap[1], s, (s == 3) ? "COR" : "ERR");
                 ~~~^                            ~~~~~~~~~
                 %2lu
../src/adder.c:14:14: warning: format '%d' expects argument of type 'int', but argument 2 has type 'uint32_t {aka long unsigned int}' [-Wformat=]
  printf("K =%d\n", regmap[2]); //print S value
             ~^     ~~~~~~~~~
             %ld
'Finished building: ../src/adder.c'
' '
'Building target: Lab1.elf'
'Invoking: ARM v7 gcc linker'
arm-none-eabi-gcc -mcpu=cortex-a9 -mfpu=vfpv3 -mfloat-abi=hard -Wl,-build-id=none -specs=Xilinx.spec -Wl,-T -Wl,../src/lscript.ld -L../../Lab1_bsp/ps7_cortexa9_0/lib -o "Lab1.elf"  ./src/adder.o   -Wl,--start-group,-lxil,-lgcc,-lc,--end-group
'Finished building target: Lab1.elf'
' '
'Invoking: ARM v7 Print Size'
arm-none-eabi-size Lab1.elf  |tee "Lab1.elf.size"
   text	   data	    bss	    dec	    hex	filename
  70456	   2580	  23328	  96364	  1786c	Lab1.elf
'Finished building: Lab1.elf.size'
' '
18:01:27 **** Auto Build of configuration Debug for project Lab1 ****
make pre-build main-build 
a9-linaro-pre-build-step
' '
'Building file: ../src/adder.c'
'Invoking: ARM v7 gcc compiler'
arm-none-eabi-gcc -Wall -O0 -g3 -c -fmessage-length=0 -MT"src/adder.o" -mcpu=cortex-a9 -mfpu=vfpv3 -mfloat-abi=hard -I../../Lab1_bsp/ps7_cortexa9_0/include -MMD -MP -MF"src/adder.d" -MT"src/adder.o" -o "src/adder.o" "../src/adder.c"
../src/adder.c: In function 'main':
../src/adder.c:13:13: warning: format '%zu' expects argument of type 'size_t', but argument 2 has type 'uint32_t {aka long unsigned int}' [-Wformat=]
  printf("%2zu + %2zu = %3zu (%s)\n", regmap[0], regmap[1], s, (s == 3) ? "COR" : "ERR");
          ~~~^                        ~~~~~~~~~
          %2lu
../src/adder.c:13:20: warning: format '%zu' expects argument of type 'size_t', but argument 3 has type 'uint32_t {aka long unsigned int}' [-Wformat=]
  printf("%2zu + %2zu = %3zu (%s)\n", regmap[0], regmap[1], s, (s == 3) ? "COR" : "ERR");
                 ~~~^                            ~~~~~~~~~
                 %2lu
../src/adder.c:14:14: warning: format '%d' expects argument of type 'int', but argument 2 has type 'uint32_t {aka long unsigned int}' [-Wformat=]
  printf("K =%d\n", regmap[2]); //print k value
             ~^     ~~~~~~~~~
             %ld
'Finished building: ../src/adder.c'
' '
'Building target: Lab1.elf'
'Invoking: ARM v7 gcc linker'
arm-none-eabi-gcc -mcpu=cortex-a9 -mfpu=vfpv3 -mfloat-abi=hard -Wl,-build-id=none -specs=Xilinx.spec -Wl,-T -Wl,../src/lscript.ld -L../../Lab1_bsp/ps7_cortexa9_0/lib -o "Lab1.elf"  ./src/adder.o   -Wl,--start-group,-lxil,-lgcc,-lc,--end-group
'Finished building target: Lab1.elf'
' '
'Invoking: ARM v7 Print Size'
arm-none-eabi-size Lab1.elf  |tee "Lab1.elf.size"
   text	   data	    bss	    dec	    hex	filename
  70456	   2580	  23328	  96364	  1786c	Lab1.elf
'Finished building: Lab1.elf.size'
' '
18:02:41 **** Incremental Build of configuration Debug for project Lab1 ****
make pre-build main-build 
a9-linaro-pre-build-step
' '
make: Nothing to be done for 'main-build'.
18:03:04 **** Incremental Build of configuration Debug for project Lab1 ****
make pre-build main-build 
a9-linaro-pre-build-step
' '
make: Nothing to be done for 'main-build'.
18:08:23 **** Auto Build of configuration Debug for project Lab1 ****
make pre-build main-build 
a9-linaro-pre-build-step
' '
'Building file: ../src/adder.c'
'Invoking: ARM v7 gcc compiler'
arm-none-eabi-gcc -Wall -O0 -g3 -c -fmessage-length=0 -MT"src/adder.o" -mcpu=cortex-a9 -mfpu=vfpv3 -mfloat-abi=hard -I../../Lab1_bsp/ps7_cortexa9_0/include -MMD -MP -MF"src/adder.d" -MT"src/adder.o" -o "src/adder.o" "../src/adder.c"
../src/adder.c: In function 'main':
../src/adder.c:14:13: warning: format '%zu' expects argument of type 'size_t', but argument 2 has type 'uint32_t {aka long unsigned int}' [-Wformat=]
  printf("%2zu + %2zu = %3zu (%s)\n", regmap[0], regmap[1], s, (s == 3) ? "COR" : "ERR");
          ~~~^                        ~~~~~~~~~
          %2lu
../src/adder.c:14:20: warning: format '%zu' expects argument of type 'size_t', but argument 3 has type 'uint32_t {aka long unsigned int}' [-Wformat=]
  printf("%2zu + %2zu = %3zu (%s)\n", regmap[0], regmap[1], s, (s == 3) ? "COR" : "ERR");
                 ~~~^                            ~~~~~~~~~
                 %2lu
../src/adder.c:15:14: warning: format '%d' expects argument of type 'int', but argument 2 has type 'uint32_t {aka long unsigned int}' [-Wformat=]
  printf("K =%d\n", regmap[2]); //print k value
             ~^     ~~~~~~~~~
             %ld
'Finished building: ../src/adder.c'
' '
'Building target: Lab1.elf'
'Invoking: ARM v7 gcc linker'
arm-none-eabi-gcc -mcpu=cortex-a9 -mfpu=vfpv3 -mfloat-abi=hard -Wl,-build-id=none -specs=Xilinx.spec -Wl,-T -Wl,../src/lscript.ld -L../../Lab1_bsp/ps7_cortexa9_0/lib -o "Lab1.elf"  ./src/adder.o   -Wl,--start-group,-lxil,-lgcc,-lc,--end-group
'Finished building target: Lab1.elf'
' '
'Invoking: ARM v7 Print Size'
arm-none-eabi-size Lab1.elf  |tee "Lab1.elf.size"
   text	   data	    bss	    dec	    hex	filename
  70456	   2580	  23328	  96364	  1786c	Lab1.elf
'Finished building: Lab1.elf.size'
' '
18:08:30 **** Incremental Build of configuration Debug for project Lab1 ****
make pre-build main-build 
a9-linaro-pre-build-step
' '
make: Nothing to be done for 'main-build'.
18:10:11 **** Auto Build of configuration Debug for project Lab1 ****
make pre-build main-build 
a9-linaro-pre-build-step
' '
'Building file: ../src/adder.c'
'Invoking: ARM v7 gcc compiler'
arm-none-eabi-gcc -Wall -O0 -g3 -c -fmessage-length=0 -MT"src/adder.o" -mcpu=cortex-a9 -mfpu=vfpv3 -mfloat-abi=hard -I../../Lab1_bsp/ps7_cortexa9_0/include -MMD -MP -MF"src/adder.d" -MT"src/adder.o" -o "src/adder.o" "../src/adder.c"
../src/adder.c: In function 'main':
../src/adder.c:14:13: warning: format '%zu' expects argument of type 'size_t', but argument 2 has type 'uint32_t {aka long unsigned int}' [-Wformat=]
  printf("%2zu + %2zu = %3zu (%s)\n", regmap[0], regmap[1], s, (s == 3) ? "COR" : "ERR");
          ~~~^                        ~~~~~~~~~
          %2lu
../src/adder.c:14:20: warning: format '%zu' expects argument of type 'size_t', but argument 3 has type 'uint32_t {aka long unsigned int}' [-Wformat=]
  printf("%2zu + %2zu = %3zu (%s)\n", regmap[0], regmap[1], s, (s == 3) ? "COR" : "ERR");
                 ~~~^                            ~~~~~~~~~
                 %2lu
../src/adder.c:15:14: warning: format '%d' expects argument of type 'int', but argument 2 has type 'uint32_t {aka long unsigned int}' [-Wformat=]
  printf("K =%d\n", regmap[2]); //print k value
             ~^     ~~~~~~~~~
             %ld
'Finished building: ../src/adder.c'
' '
'Building target: Lab1.elf'
'Invoking: ARM v7 gcc linker'
arm-none-eabi-gcc -mcpu=cortex-a9 -mfpu=vfpv3 -mfloat-abi=hard -Wl,-build-id=none -specs=Xilinx.spec -Wl,-T -Wl,../src/lscript.ld -L../../Lab1_bsp/ps7_cortexa9_0/lib -o "Lab1.elf"  ./src/adder.o   -Wl,--start-group,-lxil,-lgcc,-lc,--end-group
'Finished building target: Lab1.elf'
' '
'Invoking: ARM v7 Print Size'
arm-none-eabi-size Lab1.elf  |tee "Lab1.elf.size"
   text	   data	    bss	    dec	    hex	filename
  70456	   2580	  23328	  96364	  1786c	Lab1.elf
'Finished building: Lab1.elf.size'
' '
18:10:18 **** Incremental Build of configuration Debug for project Lab1 ****
make pre-build main-build 
a9-linaro-pre-build-step
' '
make: Nothing to be done for 'main-build'.
18:10:56 **** Incremental Build of configuration Debug for project Lab1 ****
make pre-build main-build 
a9-linaro-pre-build-step
' '
make: Nothing to be done for 'main-build'.
18:11:52 **** Auto Build of configuration Debug for project Lab1 ****
make pre-build main-build 
a9-linaro-pre-build-step
' '
'Building file: ../src/adder.c'
'Invoking: ARM v7 gcc compiler'
arm-none-eabi-gcc -Wall -O0 -g3 -c -fmessage-length=0 -MT"src/adder.o" -mcpu=cortex-a9 -mfpu=vfpv3 -mfloat-abi=hard -I../../Lab1_bsp/ps7_cortexa9_0/include -MMD -MP -MF"src/adder.d" -MT"src/adder.o" -o "src/adder.o" "../src/adder.c"
../src/adder.c: In function 'main':
../src/adder.c:14:13: warning: format '%zu' expects argument of type 'size_t', but argument 2 has type 'uint32_t {aka long unsigned int}' [-Wformat=]
  printf("%2zu + %2zu = %3zu (%s)\n", regmap[0], regmap[1], s, (s == 3) ? "COR" : "ERR");
          ~~~^                        ~~~~~~~~~
          %2lu
../src/adder.c:14:20: warning: format '%zu' expects argument of type 'size_t', but argument 3 has type 'uint32_t {aka long unsigned int}' [-Wformat=]
  printf("%2zu + %2zu = %3zu (%s)\n", regmap[0], regmap[1], s, (s == 3) ? "COR" : "ERR");
                 ~~~^                            ~~~~~~~~~
                 %2lu
../src/adder.c:15:14: warning: format '%d' expects argument of type 'int', but argument 2 has type 'uint32_t {aka long unsigned int}' [-Wformat=]
  printf("K =%d\n", regmap[2]); //print k value
             ~^     ~~~~~~~~~
             %ld
'Finished building: ../src/adder.c'
' '
'Building target: Lab1.elf'
'Invoking: ARM v7 gcc linker'
arm-none-eabi-gcc -mcpu=cortex-a9 -mfpu=vfpv3 -mfloat-abi=hard -Wl,-build-id=none -specs=Xilinx.spec -Wl,-T -Wl,../src/lscript.ld -L../../Lab1_bsp/ps7_cortexa9_0/lib -o "Lab1.elf"  ./src/adder.o   -Wl,--start-group,-lxil,-lgcc,-lc,--end-group
'Finished building target: Lab1.elf'
' '
'Invoking: ARM v7 Print Size'
arm-none-eabi-size Lab1.elf  |tee "Lab1.elf.size"
   text	   data	    bss	    dec	    hex	filename
  70456	   2580	  23328	  96364	  1786c	Lab1.elf
'Finished building: Lab1.elf.size'
' '
18:12:49 **** Auto Build of configuration Debug for project Lab1 ****
make pre-build main-build 
a9-linaro-pre-build-step
' '
'Building file: ../src/adder.c'
'Invoking: ARM v7 gcc compiler'
arm-none-eabi-gcc -Wall -O0 -g3 -c -fmessage-length=0 -MT"src/adder.o" -mcpu=cortex-a9 -mfpu=vfpv3 -mfloat-abi=hard -I../../Lab1_bsp/ps7_cortexa9_0/include -MMD -MP -MF"src/adder.d" -MT"src/adder.o" -o "src/adder.o" "../src/adder.c"
../src/adder.c: In function 'main':
../src/adder.c:14:13: warning: format '%zu' expects argument of type 'size_t', but argument 2 has type 'uint32_t {aka long unsigned int}' [-Wformat=]
  printf("%2zu + %2zu = %3zu (%s)\n", regmap[0], regmap[1], s, (s == 3) ? "COR" : "ERR");
          ~~~^                        ~~~~~~~~~
          %2lu
../src/adder.c:14:20: warning: format '%zu' expects argument of type 'size_t', but argument 3 has type 'uint32_t {aka long unsigned int}' [-Wformat=]
  printf("%2zu + %2zu = %3zu (%s)\n", regmap[0], regmap[1], s, (s == 3) ? "COR" : "ERR");
                 ~~~^                            ~~~~~~~~~
                 %2lu
../src/adder.c:15:14: warning: format '%d' expects argument of type 'int', but argument 2 has type 'uint32_t {aka long unsigned int}' [-Wformat=]
  printf("K =%d\n", regmap[2]); //print k value
             ~^     ~~~~~~~~~
             %ld
'Finished building: ../src/adder.c'
' '
'Building target: Lab1.elf'
'Invoking: ARM v7 gcc linker'
arm-none-eabi-gcc -mcpu=cortex-a9 -mfpu=vfpv3 -mfloat-abi=hard -Wl,-build-id=none -specs=Xilinx.spec -Wl,-T -Wl,../src/lscript.ld -L../../Lab1_bsp/ps7_cortexa9_0/lib -o "Lab1.elf"  ./src/adder.o   -Wl,--start-group,-lxil,-lgcc,-lc,--end-group
'Finished building target: Lab1.elf'
' '
'Invoking: ARM v7 Print Size'
arm-none-eabi-size Lab1.elf  |tee "Lab1.elf.size"
   text	   data	    bss	    dec	    hex	filename
  70796	   2580	  23328	  96704	  179c0	Lab1.elf
'Finished building: Lab1.elf.size'
' '
18:12:56 **** Incremental Build of configuration Debug for project Lab1 ****
make pre-build main-build 
a9-linaro-pre-build-step
' '
make: Nothing to be done for 'main-build'.
18:13:24 **** Auto Build of configuration Debug for project Lab1 ****
make pre-build main-build 
a9-linaro-pre-build-step
' '
'Building file: ../src/adder.c'
'Invoking: ARM v7 gcc compiler'
arm-none-eabi-gcc -Wall -O0 -g3 -c -fmessage-length=0 -MT"src/adder.o" -mcpu=cortex-a9 -mfpu=vfpv3 -mfloat-abi=hard -I../../Lab1_bsp/ps7_cortexa9_0/include -MMD -MP -MF"src/adder.d" -MT"src/adder.o" -o "src/adder.o" "../src/adder.c"
../src/adder.c: In function 'main':
../src/adder.c:14:13: warning: format '%zu' expects argument of type 'size_t', but argument 2 has type 'uint32_t {aka long unsigned int}' [-Wformat=]
  printf("%2zu + %2zu = %3zu (%s)\n", regmap[0], regmap[1], s, (s == 3) ? "COR" : "ERR");
          ~~~^                        ~~~~~~~~~
          %2lu
../src/adder.c:14:20: warning: format '%zu' expects argument of type 'size_t', but argument 3 has type 'uint32_t {aka long unsigned int}' [-Wformat=]
  printf("%2zu + %2zu = %3zu (%s)\n", regmap[0], regmap[1], s, (s == 3) ? "COR" : "ERR");
                 ~~~^                            ~~~~~~~~~
                 %2lu
../src/adder.c:15:14: warning: format '%d' expects argument of type 'int', but argument 2 has type 'uint32_t {aka long unsigned int}' [-Wformat=]
  printf("K =%d\n", regmap[2]); //print k value
             ~^     ~~~~~~~~~
             %ld
'Finished building: ../src/adder.c'
' '
'Building target: Lab1.elf'
'Invoking: ARM v7 gcc linker'
arm-none-eabi-gcc -mcpu=cortex-a9 -mfpu=vfpv3 -mfloat-abi=hard -Wl,-build-id=none -specs=Xilinx.spec -Wl,-T -Wl,../src/lscript.ld -L../../Lab1_bsp/ps7_cortexa9_0/lib -o "Lab1.elf"  ./src/adder.o   -Wl,--start-group,-lxil,-lgcc,-lc,--end-group
'Finished building target: Lab1.elf'
' '
'Invoking: ARM v7 Print Size'
arm-none-eabi-size Lab1.elf  |tee "Lab1.elf.size"
   text	   data	    bss	    dec	    hex	filename
  70796	   2580	  23328	  96704	  179c0	Lab1.elf
'Finished building: Lab1.elf.size'
' '
18:13:31 **** Incremental Build of configuration Debug for project Lab1 ****
make pre-build main-build 
a9-linaro-pre-build-step
' '
make: Nothing to be done for 'main-build'.
18:23:53 **** Auto Build of configuration Debug for project Lab1 ****
make pre-build main-build 
a9-linaro-pre-build-step
' '
'Building file: ../src/adder.c'
'Invoking: ARM v7 gcc compiler'
arm-none-eabi-gcc -Wall -O0 -g3 -c -fmessage-length=0 -MT"src/adder.o" -mcpu=cortex-a9 -mfpu=vfpv3 -mfloat-abi=hard -I../../Lab1_bsp/ps7_cortexa9_0/include -MMD -MP -MF"src/adder.d" -MT"src/adder.o" -o "src/adder.o" "../src/adder.c"
../src/adder.c: In function 'main':
../src/adder.c:18:13: warning: format '%zu' expects argument of type 'size_t', but argument 2 has type 'uint32_t {aka long unsigned int}' [-Wformat=]
  printf("%2zu + %2zu = %3zu (%s)\n", a, b, s, (s == 3) ? "COR" : "ERR");
          ~~~^
          %2lu
../src/adder.c:18:20: warning: format '%zu' expects argument of type 'size_t', but argument 3 has type 'uint32_t {aka long unsigned int}' [-Wformat=]
  printf("%2zu + %2zu = %3zu (%s)\n", a, b, s, (s == 3) ? "COR" : "ERR");
                 ~~~^
                 %2lu
../src/adder.c:19:14: warning: format '%d' expects argument of type 'int', but argument 2 has type 'uint32_t {aka long unsigned int}' [-Wformat=]
  printf("K =%d\n", regmap[2]); //print k value
             ~^     ~~~~~~~~~
             %ld
'Finished building: ../src/adder.c'
' '
'Building target: Lab1.elf'
'Invoking: ARM v7 gcc linker'
arm-none-eabi-gcc -mcpu=cortex-a9 -mfpu=vfpv3 -mfloat-abi=hard -Wl,-build-id=none -specs=Xilinx.spec -Wl,-T -Wl,../src/lscript.ld -L../../Lab1_bsp/ps7_cortexa9_0/lib -o "Lab1.elf"  ./src/adder.o   -Wl,--start-group,-lxil,-lgcc,-lc,--end-group
'Finished building target: Lab1.elf'
' '
'Invoking: ARM v7 Print Size'
arm-none-eabi-size Lab1.elf  |tee "Lab1.elf.size"
   text	   data	    bss	    dec	    hex	filename
  70456	   2580	  23328	  96364	  1786c	Lab1.elf
'Finished building: Lab1.elf.size'
' '
18:24:03 **** Incremental Build of configuration Debug for project Lab1 ****
make pre-build main-build 
a9-linaro-pre-build-step
' '
make: Nothing to be done for 'main-build'.
18:24:47 **** Incremental Build of configuration Debug for project Lab1 ****
make pre-build main-build 
a9-linaro-pre-build-step
' '
make: Nothing to be done for 'main-build'.
18:25:13 **** Incremental Build of configuration Debug for project Lab1 ****
make pre-build main-build 
a9-linaro-pre-build-step
' '
make: Nothing to be done for 'main-build'.
18:25:41 **** Incremental Build of configuration Debug for project Lab1 ****
make pre-build main-build 
a9-linaro-pre-build-step
' '
make: Nothing to be done for 'main-build'.
18:26:27 **** Auto Build of configuration Debug for project Lab1 ****
make pre-build main-build 
a9-linaro-pre-build-step
' '
'Building file: ../src/adder.c'
'Invoking: ARM v7 gcc compiler'
arm-none-eabi-gcc -Wall -O0 -g3 -c -fmessage-length=0 -MT"src/adder.o" -mcpu=cortex-a9 -mfpu=vfpv3 -mfloat-abi=hard -I../../Lab1_bsp/ps7_cortexa9_0/include -MMD -MP -MF"src/adder.d" -MT"src/adder.o" -o "src/adder.o" "../src/adder.c"
../src/adder.c: In function 'main':
../src/adder.c:18:13: warning: format '%zu' expects argument of type 'size_t', but argument 2 has type 'uint32_t {aka long unsigned int}' [-Wformat=]
  printf("%2zu + %2zu = %3zu (%s)\n", a, b, s, (s == (a+b)) ? "COR" : "ERR");
          ~~~^
          %2lu
../src/adder.c:18:20: warning: format '%zu' expects argument of type 'size_t', but argument 3 has type 'uint32_t {aka long unsigned int}' [-Wformat=]
  printf("%2zu + %2zu = %3zu (%s)\n", a, b, s, (s == (a+b)) ? "COR" : "ERR");
                 ~~~^
                 %2lu
../src/adder.c:19:14: warning: format '%d' expects argument of type 'int', but argument 2 has type 'uint32_t {aka long unsigned int}' [-Wformat=]
  printf("K =%d\n", regmap[2]); //print k value
             ~^     ~~~~~~~~~
             %ld
'Finished building: ../src/adder.c'
' '
'Building target: Lab1.elf'
'Invoking: ARM v7 gcc linker'
arm-none-eabi-gcc -mcpu=cortex-a9 -mfpu=vfpv3 -mfloat-abi=hard -Wl,-build-id=none -specs=Xilinx.spec -Wl,-T -Wl,../src/lscript.ld -L../../Lab1_bsp/ps7_cortexa9_0/lib -o "Lab1.elf"  ./src/adder.o   -Wl,--start-group,-lxil,-lgcc,-lc,--end-group
'Finished building target: Lab1.elf'
' '
'Invoking: ARM v7 Print Size'
arm-none-eabi-size Lab1.elf  |tee "Lab1.elf.size"
   text	   data	    bss	    dec	    hex	filename
  70456	   2580	  23328	  96364	  1786c	Lab1.elf
'Finished building: Lab1.elf.size'
' '
18:26:42 **** Auto Build of configuration Debug for project Lab1 ****
make pre-build main-build 
a9-linaro-pre-build-step
' '
'Building file: ../src/adder.c'
'Invoking: ARM v7 gcc compiler'
arm-none-eabi-gcc -Wall -O0 -g3 -c -fmessage-length=0 -MT"src/adder.o" -mcpu=cortex-a9 -mfpu=vfpv3 -mfloat-abi=hard -I../../Lab1_bsp/ps7_cortexa9_0/include -MMD -MP -MF"src/adder.d" -MT"src/adder.o" -o "src/adder.o" "../src/adder.c"
../src/adder.c: In function 'main':
../src/adder.c:19:14: warning: format '%d' expects argument of type 'int', but argument 2 has type 'uint32_t {aka long unsigned int}' [-Wformat=]
  printf("K =%d\n", regmap[2]); //print k value
             ~^     ~~~~~~~~~
             %ld
'Finished building: ../src/adder.c'
' '
'Building target: Lab1.elf'
'Invoking: ARM v7 gcc linker'
arm-none-eabi-gcc -mcpu=cortex-a9 -mfpu=vfpv3 -mfloat-abi=hard -Wl,-build-id=none -specs=Xilinx.spec -Wl,-T -Wl,../src/lscript.ld -L../../Lab1_bsp/ps7_cortexa9_0/lib -o "Lab1.elf"  ./src/adder.o   -Wl,--start-group,-lxil,-lgcc,-lc,--end-group
'Finished building target: Lab1.elf'
' '
'Invoking: ARM v7 Print Size'
arm-none-eabi-size Lab1.elf  |tee "Lab1.elf.size"
   text	   data	    bss	    dec	    hex	filename
  70456	   2580	  23328	  96364	  1786c	Lab1.elf
'Finished building: Lab1.elf.size'
' '
18:26:50 **** Incremental Build of configuration Debug for project Lab1 ****
make pre-build main-build 
a9-linaro-pre-build-step
' '
make: Nothing to be done for 'main-build'.
18:27:22 **** Incremental Build of configuration Debug for project Lab1 ****
make pre-build main-build 
a9-linaro-pre-build-step
' '
make: Nothing to be done for 'main-build'.
18:27:58 **** Incremental Build of configuration Debug for project Lab1 ****
make pre-build main-build 
a9-linaro-pre-build-step
' '
make: Nothing to be done for 'main-build'.
18:28:16 **** Auto Build of configuration Debug for project Lab1 ****
make pre-build main-build 
a9-linaro-pre-build-step
' '
'Building file: ../src/adder.c'
'Invoking: ARM v7 gcc compiler'
arm-none-eabi-gcc -Wall -O0 -g3 -c -fmessage-length=0 -MT"src/adder.o" -mcpu=cortex-a9 -mfpu=vfpv3 -mfloat-abi=hard -I../../Lab1_bsp/ps7_cortexa9_0/include -MMD -MP -MF"src/adder.d" -MT"src/adder.o" -o "src/adder.o" "../src/adder.c"
../src/adder.c: In function 'main':
../src/adder.c:19:14: warning: format '%d' expects argument of type 'int', but argument 2 has type 'uint32_t {aka long unsigned int}' [-Wformat=]
  printf("K =%d\n", regmap[2]); //print k value
             ~^     ~~~~~~~~~
             %ld
'Finished building: ../src/adder.c'
' '
'Building target: Lab1.elf'
'Invoking: ARM v7 gcc linker'
arm-none-eabi-gcc -mcpu=cortex-a9 -mfpu=vfpv3 -mfloat-abi=hard -Wl,-build-id=none -specs=Xilinx.spec -Wl,-T -Wl,../src/lscript.ld -L../../Lab1_bsp/ps7_cortexa9_0/lib -o "Lab1.elf"  ./src/adder.o   -Wl,--start-group,-lxil,-lgcc,-lc,--end-group
'Finished building target: Lab1.elf'
' '
'Invoking: ARM v7 Print Size'
arm-none-eabi-size Lab1.elf  |tee "Lab1.elf.size"
   text	   data	    bss	    dec	    hex	filename
  70456	   2580	  23328	  96364	  1786c	Lab1.elf
'Finished building: Lab1.elf.size'
' '
18:28:23 **** Incremental Build of configuration Debug for project Lab1 ****
make pre-build main-build 
a9-linaro-pre-build-step
' '
make: Nothing to be done for 'main-build'.
18:28:40 **** Incremental Build of configuration Debug for project Lab1 ****
make pre-build main-build 
a9-linaro-pre-build-step
' '
make: Nothing to be done for 'main-build'.
18:30:38 **** Auto Build of configuration Debug for project Lab1 ****
make pre-build main-build 
a9-linaro-pre-build-step
' '
'Building file: ../src/adder.c'
'Invoking: ARM v7 gcc compiler'
arm-none-eabi-gcc -Wall -O0 -g3 -c -fmessage-length=0 -MT"src/adder.o" -mcpu=cortex-a9 -mfpu=vfpv3 -mfloat-abi=hard -I../../Lab1_bsp/ps7_cortexa9_0/include -MMD -MP -MF"src/adder.d" -MT"src/adder.o" -o "src/adder.o" "../src/adder.c"
../src/adder.c: In function 'main':
../src/adder.c:19:14: warning: format '%d' expects argument of type 'int', but argument 2 has type 'uint32_t {aka long unsigned int}' [-Wformat=]
  printf("K =%d\n", regmap[2]); //print k value
             ~^     ~~~~~~~~~
             %ld
'Finished building: ../src/adder.c'
' '
'Building target: Lab1.elf'
'Invoking: ARM v7 gcc linker'
arm-none-eabi-gcc -mcpu=cortex-a9 -mfpu=vfpv3 -mfloat-abi=hard -Wl,-build-id=none -specs=Xilinx.spec -Wl,-T -Wl,../src/lscript.ld -L../../Lab1_bsp/ps7_cortexa9_0/lib -o "Lab1.elf"  ./src/adder.o   -Wl,--start-group,-lxil,-lgcc,-lc,--end-group
'Finished building target: Lab1.elf'
' '
'Invoking: ARM v7 Print Size'
arm-none-eabi-size Lab1.elf  |tee "Lab1.elf.size"
   text	   data	    bss	    dec	    hex	filename
  70456	   2580	  23328	  96364	  1786c	Lab1.elf
'Finished building: Lab1.elf.size'
' '
18:30:45 **** Incremental Build of configuration Debug for project Lab1 ****
make pre-build main-build 
a9-linaro-pre-build-step
' '
make: Nothing to be done for 'main-build'.
18:31:19 **** Auto Build of configuration Debug for project Lab1 ****
make pre-build main-build 
a9-linaro-pre-build-step
' '
'Building file: ../src/adder.c'
'Invoking: ARM v7 gcc compiler'
arm-none-eabi-gcc -Wall -O0 -g3 -c -fmessage-length=0 -MT"src/adder.o" -mcpu=cortex-a9 -mfpu=vfpv3 -mfloat-abi=hard -I../../Lab1_bsp/ps7_cortexa9_0/include -MMD -MP -MF"src/adder.d" -MT"src/adder.o" -o "src/adder.o" "../src/adder.c"
../src/adder.c: In function 'main':
../src/adder.c:19:14: warning: format '%d' expects argument of type 'int', but argument 2 has type 'uint32_t {aka long unsigned int}' [-Wformat=]
  printf("K =%d\n", regmap[2]); //print k value
             ~^     ~~~~~~~~~
             %ld
'Finished building: ../src/adder.c'
' '
'Building target: Lab1.elf'
'Invoking: ARM v7 gcc linker'
arm-none-eabi-gcc -mcpu=cortex-a9 -mfpu=vfpv3 -mfloat-abi=hard -Wl,-build-id=none -specs=Xilinx.spec -Wl,-T -Wl,../src/lscript.ld -L../../Lab1_bsp/ps7_cortexa9_0/lib -o "Lab1.elf"  ./src/adder.o   -Wl,--start-group,-lxil,-lgcc,-lc,--end-group
'Finished building target: Lab1.elf'
' '
'Invoking: ARM v7 Print Size'
arm-none-eabi-size Lab1.elf  |tee "Lab1.elf.size"
   text	   data	    bss	    dec	    hex	filename
  70456	   2580	  23328	  96364	  1786c	Lab1.elf
'Finished building: Lab1.elf.size'
' '
18:31:28 **** Auto Build of configuration Debug for project Lab1 ****
make pre-build main-build 
a9-linaro-pre-build-step
' '
'Building file: ../src/adder.c'
'Invoking: ARM v7 gcc compiler'
arm-none-eabi-gcc -Wall -O0 -g3 -c -fmessage-length=0 -MT"src/adder.o" -mcpu=cortex-a9 -mfpu=vfpv3 -mfloat-abi=hard -I../../Lab1_bsp/ps7_cortexa9_0/include -MMD -MP -MF"src/adder.d" -MT"src/adder.o" -o "src/adder.o" "../src/adder.c"
../src/adder.c: In function 'main':
../src/adder.c:19:14: warning: format '%d' expects argument of type 'int', but argument 2 has type 'uint32_t {aka long unsigned int}' [-Wformat=]
  printf("K =%d\n", regmap[2]); //print k value
             ~^     ~~~~~~~~~
             %ld
'Finished building: ../src/adder.c'
' '
'Building target: Lab1.elf'
'Invoking: ARM v7 gcc linker'
arm-none-eabi-gcc -mcpu=cortex-a9 -mfpu=vfpv3 -mfloat-abi=hard -Wl,-build-id=none -specs=Xilinx.spec -Wl,-T -Wl,../src/lscript.ld -L../../Lab1_bsp/ps7_cortexa9_0/lib -o "Lab1.elf"  ./src/adder.o   -Wl,--start-group,-lxil,-lgcc,-lc,--end-group
'Finished building target: Lab1.elf'
' '
'Invoking: ARM v7 Print Size'
arm-none-eabi-size Lab1.elf  |tee "Lab1.elf.size"
   text	   data	    bss	    dec	    hex	filename
  70456	   2580	  23328	  96364	  1786c	Lab1.elf
'Finished building: Lab1.elf.size'
' '
18:31:35 **** Incremental Build of configuration Debug for project Lab1 ****
make pre-build main-build 
a9-linaro-pre-build-step
' '
make: Nothing to be done for 'main-build'.
18:32:38 **** Auto Build of configuration Debug for project Lab1 ****
make pre-build main-build 
a9-linaro-pre-build-step
' '
'Building file: ../src/adder.c'
'Invoking: ARM v7 gcc compiler'
arm-none-eabi-gcc -Wall -O0 -g3 -c -fmessage-length=0 -MT"src/adder.o" -mcpu=cortex-a9 -mfpu=vfpv3 -mfloat-abi=hard -I../../Lab1_bsp/ps7_cortexa9_0/include -MMD -MP -MF"src/adder.d" -MT"src/adder.o" -o "src/adder.o" "../src/adder.c"
../src/adder.c: In function 'main':
../src/adder.c:19:14: warning: format '%d' expects argument of type 'int', but argument 2 has type 'uint32_t {aka long unsigned int}' [-Wformat=]
  printf("K =%d\n", regmap[2]); //print k value
             ~^     ~~~~~~~~~
             %ld
../src/adder.c:21:9: warning: passing argument 1 of 'printf' makes pointer from integer without a cast [-Wint-conversion]
  printf(a+b);
         ^
In file included from c:\xilinx\sdk\2018.3\gnu\aarch32\nt\gcc-arm-none-eabi\arm-none-eabi\libc\usr\include\stdio.h:29:0,
                 from ../src/adder.c:1:
c:\xilinx\sdk\2018.3\gnu\aarch32\nt\gcc-arm-none-eabi\arm-none-eabi\libc\usr\include\stdio.h:181:5: note: expected 'const char * restrict' but argument is of type 'size_t {aka unsigned int}'
 int _EXFUN(printf, (const char *__restrict, ...)
     ^
'Finished building: ../src/adder.c'
' '
'Building target: Lab1.elf'
'Invoking: ARM v7 gcc linker'
arm-none-eabi-gcc -mcpu=cortex-a9 -mfpu=vfpv3 -mfloat-abi=hard -Wl,-build-id=none -specs=Xilinx.spec -Wl,-T -Wl,../src/lscript.ld -L../../Lab1_bsp/ps7_cortexa9_0/lib -o "Lab1.elf"  ./src/adder.o   -Wl,--start-group,-lxil,-lgcc,-lc,--end-group
[...]
arm-none-eabi-gcc -Wall -O0 -g3 -c -fmessage-length=0 -MT"adder.o" -mcpu=cortex-a9 -mfpu=vfpv3 -mfloat-abi=hard -I../../lab1_bsp/ps7_cortexa9_0/include -MMD -MP -MF"adder.d" -MT"adder.o" -o "adder.o" "../adder.c"
../adder.c: In function 'main':
../adder.c:17:16: warning: format '%d' expects argument of type 'int', but argument 2 has type 'uint32_t {aka long unsigned int}' [-Wformat=]
   printf("K = %d\n", regmap[2]); //print k value
               ~^     ~~~~~~~~~
               %ld
../adder.c:25:2: warning: implicit declaration of function 'usleep'; did you mean 'fseek'? [-Wimplicit-function-declaration]
  usleep(10000);
  ^~~~~~
  fseek
../adder.c:41:16: warning: format '%d' expects argument of type 'int', but argument 2 has type 'uint32_t {aka long unsigned int}' [-Wformat=]
   printf("K = %d\n", regmap[2]);
               ~^     ~~~~~~~~~
               %ld
../adder.c:62:16: warning: format '%d' expects argument of type 'int', but argument 2 has type 'uint32_t {aka long unsigned int}' [-Wformat=]
   printf("K = %d\n", regmap[2]);
               ~^     ~~~~~~~~~
               %ld
../adder.c:83:16: warning: format '%d' expects argument of type 'int', but argument 2 has type 'uint32_t {aka long unsigned int}' [-Wformat=]
   printf("K = %d\n", regmap[2]);
               ~^     ~~~~~~~~~
               %ld
../adder.c:104:19: warning: format '%d' expects argument of type 'int', but argument 2 has type 'uint32_t {aka long unsigned int}' [-Wformat=]
      printf("K = %d\n", regmap[2]); // Print K
                  ~^     ~~~~~~~~~
                  %ld
'Finished building: ../adder.c'
' '
'Building target: lab1.elf'
'Invoking: ARM v7 gcc linker'
arm-none-eabi-gcc -mcpu=cortex-a9 -mfpu=vfpv3 -mfloat-abi=hard -Wl,-build-id=none -specs=Xilinx.spec -Wl,-T -Wl,../src/lscript.ld -L../../lab1_bsp/ps7_cortexa9_0/lib -o "lab1.elf"  ./adder.o   -Wl,--start-group,-lxil,-lgcc,-lc,--end-group
'Finished building target: lab1.elf'
' '
'Invoking: ARM v7 Print Size'
arm-none-eabi-size lab1.elf  |tee "lab1.elf.size"
   text	   data	    bss	    dec	    hex	filename
  71940	   2580	  23328	  97848	  17e38	lab1.elf
'Finished building: lab1.elf.size'
' '
11:05:49 **** Auto Build of configuration Debug for project lab1 ****
make pre-build main-build 
a9-linaro-pre-build-step
' '
'Building file: ../adder.c'
'Invoking: ARM v7 gcc compiler'
arm-none-eabi-gcc -Wall -O0 -g3 -c -fmessage-length=0 -MT"adder.o" -mcpu=cortex-a9 -mfpu=vfpv3 -mfloat-abi=hard -I../../lab1_bsp/ps7_cortexa9_0/include -MMD -MP -MF"adder.d" -MT"adder.o" -o "adder.o" "../adder.c"
../adder.c: In function 'main':
../adder.c:17:16: warning: format '%d' expects argument of type 'int', but argument 2 has type 'uint32_t {aka long unsigned int}' [-Wformat=]
   printf("K = %d\n", regmap[2]); //print k value
               ~^     ~~~~~~~~~
               %ld
../adder.c:25:2: warning: implicit declaration of function 'usleep'; did you mean 'fseek'? [-Wimplicit-function-declaration]
  usleep(10000);
  ^~~~~~
  fseek
../adder.c:41:16: warning: format '%d' expects argument of type 'int', but argument 2 has type 'uint32_t {aka long unsigned int}' [-Wformat=]
   printf("K = %d\n", regmap[2]);
               ~^     ~~~~~~~~~
               %ld
../adder.c:62:16: warning: format '%d' expects argument of type 'int', but argument 2 has type 'uint32_t {aka long unsigned int}' [-Wformat=]
   printf("K = %d\n", regmap[2]);
               ~^     ~~~~~~~~~
               %ld
../adder.c:83:16: warning: format '%d' expects argument of type 'int', but argument 2 has type 'uint32_t {aka long unsigned int}' [-Wformat=]
   printf("K = %d\n", regmap[2]);
               ~^     ~~~~~~~~~
               %ld
../adder.c:104:19: warning: format '%d' expects argument of type 'int', but argument 2 has type 'uint32_t {aka long unsigned int}' [-Wformat=]
      printf("K = %d\n", regmap[2]); // Print K
                  ~^     ~~~~~~~~~
                  %ld
../adder.c:125:19: warning: format '%d' expects argument of type 'int', but argument 2 has type 'uint32_t {aka long unsigned int}' [-Wformat=]
      printf("K = %d\n", regmap[2]); // Print K
                  ~^     ~~~~~~~~~
                  %ld
'Finished building: ../adder.c'
' '
'Building target: lab1.elf'
'Invoking: ARM v7 gcc linker'
arm-none-eabi-gcc -mcpu=cortex-a9 -mfpu=vfpv3 -mfloat-abi=hard -Wl,-build-id=none -specs=Xilinx.spec -Wl,-T -Wl,../src/lscript.ld -L../../lab1_bsp/ps7_cortexa9_0/lib -o "lab1.elf"  ./adder.o   -Wl,--start-group,-lxil,-lgcc,-lc,--end-group
'Finished building target: lab1.elf'
' '
'Invoking: ARM v7 Print Size'
arm-none-eabi-size lab1.elf  |tee "lab1.elf.size"
   text	   data	    bss	    dec	    hex	filename
  72172	   2580	  23328	  98080	  17f20	lab1.elf
'Finished building: lab1.elf.size'
' '
11:06:00 **** Incremental Build of configuration Debug for project lab1 ****
make pre-build main-build 
a9-linaro-pre-build-step
' '
make: Nothing to be done for 'main-build'.
11:06:28 **** Auto Build of configuration Debug for project lab1 ****
make pre-build main-build 
a9-linaro-pre-build-step
' '
'Building file: ../adder.c'
'Invoking: ARM v7 gcc compiler'
arm-none-eabi-gcc -Wall -O0 -g3 -c -fmessage-length=0 -MT"adder.o" -mcpu=cortex-a9 -mfpu=vfpv3 -mfloat-abi=hard -I../../lab1_bsp/ps7_cortexa9_0/include -MMD -MP -MF"adder.d" -MT"adder.o" -o "adder.o" "../adder.c"
../adder.c: In function 'main':
../adder.c:17:16: warning: format '%d' expects argument of type 'int', but argument 2 has type 'uint32_t {aka long unsigned int}' [-Wformat=]
   printf("K = %d\n", regmap[2]); //print k value
               ~^     ~~~~~~~~~
               %ld
../adder.c:25:2: warning: implicit declaration of function 'usleep'; did you mean 'fseek'? [-Wimplicit-function-declaration]
  usleep(10000);
  ^~~~~~
  fseek
../adder.c:41:16: warning: format '%d' expects argument of type 'int', but argument 2 has type 'uint32_t {aka long unsigned int}' [-Wformat=]
   printf("K = %d\n", regmap[2]);
               ~^     ~~~~~~~~~
               %ld
../adder.c:62:16: warning: format '%d' expects argument of type 'int', but argument 2 has type 'uint32_t {aka long unsigned int}' [-Wformat=]
   printf("K = %d\n", regmap[2]);
               ~^     ~~~~~~~~~
               %ld
../adder.c:83:16: warning: format '%d' expects argument of type 'int', but argument 2 has type 'uint32_t {aka long unsigned int}' [-Wformat=]
   printf("K = %d\n", regmap[2]);
               ~^     ~~~~~~~~~
               %ld
../adder.c:104:19: warning: format '%d' expects argument of type 'int', but argument 2 has type 'uint32_t {aka long unsigned int}' [-Wformat=]
      printf("K = %d\n", regmap[2]); // Print K
                  ~^     ~~~~~~~~~
                  %ld
../adder.c:121:9: warning: passing argument 1 of 'printf' makes pointer from integer without a cast [-Wint-conversion]
  printf(cout);
         ^~~~
In file included from c:\xilinx\sdk\2018.3\gnu\aarch32\nt\gcc-arm-none-eabi\arm-none-eabi\libc\usr\include\stdio.h:29:0,
                 from ../adder.c:1:
c:\xilinx\sdk\2018.3\gnu\aarch32\nt\gcc-arm-none-eabi\arm-none-eabi\libc\usr\include\stdio.h:181:5: note: expected 'const char * restrict' but argument is of type 'size_t {aka unsigned int}'
 int _EXFUN(printf, (const char *__restrict, ...)
     ^
../adder.c:126:19: warning: format '%d' expects argument of type 'int', but argument 2 has type 'uint32_t {aka long unsigned int}' [-Wformat=]
      printf("K = %d\n", regmap[2]); // Print K
                  ~^     ~~~~~~~~~
                  %ld
'Finished building: ../adder.c'
' '
'Building target: lab1.elf'
'Invoking: ARM v7 gcc linker'
arm-none-eabi-gcc -mcpu=cortex-a9 -mfpu=vfpv3 -mfloat-abi=hard -Wl,-build-id=none -specs=Xilinx.spec -Wl,-T -Wl,../src/lscript.ld -L../../lab1_bsp/ps7_cortexa9_0/lib -o "lab1.elf"  ./adder.o   -Wl,--start-group,-lxil,-lgcc,-lc,--end-group
'Finished building target: lab1.elf'
' '
'Invoking: ARM v7 Print Size'
arm-none-eabi-size lab1.elf  |tee "lab1.elf.size"
   text	   data	    bss	    dec	    hex	filename
  72172	   2580	  23328	  98080	  17f20	lab1.elf
'Finished building: lab1.elf.size'
' '
11:06:36 **** Incremental Build of configuration Debug for project lab1 ****
make pre-build main-build 
a9-linaro-pre-build-step
' '
make: Nothing to be done for 'main-build'.
11:08:11 **** Auto Build of configuration Debug for project lab1 ****
make pre-build main-build 
a9-linaro-pre-build-step
' '
'Building file: ../adder.c'
'Invoking: ARM v7 gcc compiler'
arm-none-eabi-gcc -Wall -O0 -g3 -c -fmessage-length=0 -MT"adder.o" -mcpu=cortex-a9 -mfpu=vfpv3 -mfloat-abi=hard -I../../lab1_bsp/ps7_cortexa9_0/include -MMD -MP -MF"adder.d" -MT"adder.o" -o "adder.o" "../adder.c"
../adder.c: In function 'main':
../adder.c:17:16: warning: format '%d' expects argument of type 'int', but argument 2 has type 'uint32_t {aka long unsigned int}' [-Wformat=]
   printf("K = %d\n", regmap[2]); //print k value
               ~^     ~~~~~~~~~
               %ld
../adder.c:25:2: warning: implicit declaration of function 'usleep'; did you mean 'fseek'? [-Wimplicit-function-declaration]
  usleep(10000);
  ^~~~~~
  fseek
../adder.c:41:16: warning: format '%d' expects argument of type 'int', but argument 2 has type 'uint32_t {aka long unsigned int}' [-Wformat=]
   printf("K = %d\n", regmap[2]);
               ~^     ~~~~~~~~~
               %ld
../adder.c:62:16: warning: format '%d' expects argument of type 'int', but argument 2 has type 'uint32_t {aka long unsigned int}' [-Wformat=]
   printf("K = %d\n", regmap[2]);
               ~^     ~~~~~~~~~
               %ld
../adder.c:83:16: warning: format '%d' expects argument of type 'int', but argument 2 has type 'uint32_t {aka long unsigned int}' [-Wformat=]
   printf("K = %d\n", regmap[2]);
               ~^     ~~~~~~~~~
               %ld
../adder.c:104:19: warning: format '%d' expects argument of type 'int', but argument 2 has type 'uint32_t {aka long unsigned int}' [-Wformat=]
      printf("K = %d\n", regmap[2]); // Print K
                  ~^     ~~~~~~~~~
                  %ld
../adder.c:121:9: warning: passing argument 1 of 'printf' makes pointer from integer without a cast [-Wint-conversion]
  printf(cout);
         ^~~~
In file included from c:\xilinx\sdk\2018.3\gnu\aarch32\nt\gcc-arm-none-eabi\arm-none-eabi\libc\usr\include\stdio.h:29:0,
                 from ../adder.c:1:
c:\xilinx\sdk\2018.3\gnu\aarch32\nt\gcc-arm-none-eabi\arm-none-eabi\libc\usr\include\stdio.h:181:5: note: expected 'const char * restrict' but argument is of type 'size_t {aka unsigned int}'
 int _EXFUN(printf, (const char *__restrict, ...)
     ^
../adder.c:126:19: warning: format '%d' expects argument of type 'int', but argument 2 has type 'uint32_t {aka long unsigned int}' [-Wformat=]
      printf("K = %d\n", regmap[2]); // Print K
                  ~^     ~~~~~~~~~
                  %ld
'Finished building: ../adder.c'
' '
'Building target: lab1.elf'
'Invoking: ARM v7 gcc linker'
arm-none-eabi-gcc -mcpu=cortex-a9 -mfpu=vfpv3 -mfloat-abi=hard -Wl,-build-id=none -specs=Xilinx.spec -Wl,-T -Wl,../src/lscript.ld -L../../lab1_bsp/ps7_cortexa9_0/lib -o "lab1.elf"  ./adder.o   -Wl,--start-group,-lxil,-lgcc,-lc,--end-group
'Finished building target: lab1.elf'
' '
'Invoking: ARM v7 Print Size'
arm-none-eabi-size lab1.elf  |tee "lab1.elf.size"
   text	   data	    bss	    dec	    hex	filename
  72172	   2580	  23328	  98080	  17f20	lab1.elf
'Finished building: lab1.elf.size'
' '
11:08:18 **** Incremental Build of configuration Debug for project lab1 ****
make pre-build main-build 
a9-linaro-pre-build-step
' '
make: Nothing to be done for 'main-build'.
11:08:40 **** Auto Build of configuration Debug for project lab1 ****
make pre-build main-build 
a9-linaro-pre-build-step
' '
'Building file: ../adder.c'
'Invoking: ARM v7 gcc compiler'
arm-none-eabi-gcc -Wall -O0 -g3 -c -fmessage-length=0 -MT"adder.o" -mcpu=cortex-a9 -mfpu=vfpv3 -mfloat-abi=hard -I../../lab1_bsp/ps7_cortexa9_0/include -MMD -MP -MF"adder.d" -MT"adder.o" -o "adder.o" "../adder.c"
../adder.c: In function 'main':
../adder.c:17:16: warning: format '%d' expects argument of type 'int', but argument 2 has type 'uint32_t {aka long unsigned int}' [-Wformat=]
   printf("K = %d\n", regmap[2]); //print k value
               ~^     ~~~~~~~~~
               %ld
../adder.c:25:2: warning: implicit declaration of function 'usleep'; did you mean 'fseek'? [-Wimplicit-function-declaration]
  usleep(10000);
  ^~~~~~
  fseek
../adder.c:41:16: warning: format '%d' expects argument of type 'int', but argument 2 has type 'uint32_t {aka long unsigned int}' [-Wformat=]
   printf("K = %d\n", regmap[2]);
               ~^     ~~~~~~~~~
               %ld
../adder.c:62:16: warning: format '%d' expects argument of type 'int', but argument 2 has type 'uint32_t {aka long unsigned int}' [-Wformat=]
   printf("K = %d\n", regmap[2]);
               ~^     ~~~~~~~~~
               %ld
../adder.c:83:16: warning: format '%d' expects argument of type 'int', but argument 2 has type 'uint32_t {aka long unsigned int}' [-Wformat=]
   printf("K = %d\n", regmap[2]);
               ~^     ~~~~~~~~~
               %ld
../adder.c:104:19: warning: format '%d' expects argument of type 'int', but argument 2 has type 'uint32_t {aka long unsigned int}' [-Wformat=]
      printf("K = %d\n", regmap[2]); // Print K
                  ~^     ~~~~~~~~~
                  %ld
../adder.c:121:9: warning: passing argument 1 of 'printf' makes pointer from integer without a cast [-Wint-conversion]
  printf(cout);
         ^~~~
In file included from c:\xilinx\sdk\2018.3\gnu\aarch32\nt\gcc-arm-none-eabi\arm-none-eabi\libc\usr\include\stdio.h:29:0,
                 from ../adder.c:1:
c:\xilinx\sdk\2018.3\gnu\aarch32\nt\gcc-arm-none-eabi\arm-none-eabi\libc\usr\include\stdio.h:181:5: note: expected 'const char * restrict' but argument is of type 'size_t {aka unsigned int}'
 int _EXFUN(printf, (const char *__restrict, ...)
     ^
../adder.c:126:19: warning: format '%d' expects argument of type 'int', but argument 2 has type 'uint32_t {aka long unsigned int}' [-Wformat=]
      printf("K = %d\n", regmap[2]); // Print K
                  ~^     ~~~~~~~~~
                  %ld
'Finished building: ../adder.c'
' '
'Building target: lab1.elf'
'Invoking: ARM v7 gcc linker'
arm-none-eabi-gcc -mcpu=cortex-a9 -mfpu=vfpv3 -mfloat-abi=hard -Wl,-build-id=none -specs=Xilinx.spec -Wl,-T -Wl,../src/lscript.ld -L../../lab1_bsp/ps7_cortexa9_0/lib -o "lab1.elf"  ./adder.o   -Wl,--start-group,-lxil,-lgcc,-lc,--end-group
'Finished building target: lab1.elf'
' '
'Invoking: ARM v7 Print Size'
arm-none-eabi-size lab1.elf  |tee "lab1.elf.size"
   text	   data	    bss	    dec	    hex	filename
  72172	   2580	  23328	  98080	  17f20	lab1.elf
'Finished building: lab1.elf.size'
' '
11:08:46 **** Auto Build of configuration Debug for project lab1 ****
make pre-build main-build 
a9-linaro-pre-build-step
' '
'Building file: ../adder.c'
'Invoking: ARM v7 gcc compiler'
arm-none-eabi-gcc -Wall -O0 -g3 -c -fmessage-length=0 -MT"adder.o" -mcpu=cortex-a9 -mfpu=vfpv3 -mfloat-abi=hard -I../../lab1_bsp/ps7_cortexa9_0/include -MMD -MP -MF"adder.d" -MT"adder.o" -o "adder.o" "../adder.c"
../adder.c: In function 'main':
../adder.c:17:16: warning: format '%d' expects argument of type 'int', but argument 2 has type 'uint32_t {aka long unsigned int}' [-Wformat=]
   printf("K = %d\n", regmap[2]); //print k value
               ~^     ~~~~~~~~~
               %ld
../adder.c:25:2: warning: implicit declaration of function 'usleep'; did you mean 'fseek'? [-Wimplicit-function-declaration]
  usleep(10000);
  ^~~~~~
  fseek
../adder.c:41:16: warning: format '%d' expects argument of type 'int', but argument 2 has type 'uint32_t {aka long unsigned int}' [-Wformat=]
   printf("K = %d\n", regmap[2]);
               ~^     ~~~~~~~~~
               %ld
../adder.c:62:16: warning: format '%d' expects argument of type 'int', but argument 2 has type 'uint32_t {aka long unsigned int}' [-Wformat=]
   printf("K = %d\n", regmap[2]);
               ~^     ~~~~~~~~~
               %ld
../adder.c:83:16: warning: format '%d' expects argument of type 'int', but argument 2 has type 'uint32_t {aka long unsigned int}' [-Wformat=]
   printf("K = %d\n", regmap[2]);
               ~^     ~~~~~~~~~
               %ld
../adder.c:104:19: warning: format '%d' expects argument of type 'int', but argument 2 has type 'uint32_t {aka long unsigned int}' [-Wformat=]
      printf("K = %d\n", regmap[2]); // Print K
                  ~^     ~~~~~~~~~
                  %ld
'Finished building: ../adder.c'
' '
'Building target: lab1.elf'
'Invoking: ARM v7 gcc linker'
arm-none-eabi-gcc -mcpu=cortex-a9 -mfpu=vfpv3 -mfloat-abi=hard -Wl,-build-id=none -specs=Xilinx.spec -Wl,-T -Wl,../src/lscript.ld -L../../lab1_bsp/ps7_cortexa9_0/lib -o "lab1.elf"  ./adder.o   -Wl,--start-group,-lxil,-lgcc,-lc,--end-group
'Finished building target: lab1.elf'
' '
'Invoking: ARM v7 Print Size'
arm-none-eabi-size lab1.elf  |tee "lab1.elf.size"
   text	   data	    bss	    dec	    hex	filename
  71940	   2580	  23328	  97848	  17e38	lab1.elf
'Finished building: lab1.elf.size'
' '
11:08:58 **** Incremental Build of configuration Debug for project lab1 ****
make pre-build main-build 
a9-linaro-pre-build-step
' '
make: Nothing to be done for 'main-build'.
11:09:32 **** Incremental Build of configuration Debug for project lab1 ****
make pre-build main-build 
a9-linaro-pre-build-step
' '
make: Nothing to be done for 'main-build'.
11:37:07 **** Incremental Build of configuration Debug for project lab1 ****
make pre-build main-build 
a9-linaro-pre-build-step
' '
make: Nothing to be done for 'main-build'.
11:44:34 **** Auto Build of configuration Debug for project lab1 ****
make pre-build main-build 
a9-linaro-pre-build-step
' '
'Building file: ../adder.c'
'Invoking: ARM v7 gcc compiler'
arm-none-eabi-gcc -Wall -O0 -g3 -c -fmessage-length=0 -MT"adder.o" -mcpu=cortex-a9 -mfpu=vfpv3 -mfloat-abi=hard -I../../lab1_bsp/ps7_cortexa9_0/include -MMD -MP -MF"adder.d" -MT"adder.o" -o "adder.o" "../adder.c"
../adder.c: In function 'main':
../adder.c:17:16: warning: format '%d' expects argument of type 'int', but argument 2 has type 'uint32_t {aka long unsigned int}' [-Wformat=]
   printf("K = %d\n", regmap[2]);
               ~^     ~~~~~~~~~
               %ld
../adder.c:25:2: warning: implicit declaration of function 'usleep'; did you mean 'fseek'? [-Wimplicit-function-declaration]
  usleep(10000);
  ^~~~~~
  fseek
../adder.c:40:16: warning: format '%d' expects argument of type 'int', but argument 2 has type 'uint32_t {aka long unsigned int}' [-Wformat=]
   printf("K = %d\n", regmap[2]);
               ~^     ~~~~~~~~~
               %ld
../adder.c:61:16: warning: format '%d' expects argument of type 'int', but argument 2 has type 'uint32_t {aka long unsigned int}' [-Wformat=]
   printf("K = %d\n", regmap[2]);
               ~^     ~~~~~~~~~
               %ld
../adder.c:82:16: warning: format '%d' expects argument of type 'int', but argument 2 has type 'uint32_t {aka long unsigned int}' [-Wformat=]
   printf("K = %d\n", regmap[2]);
               ~^     ~~~~~~~~~
               %ld
../adder.c:103:19: warning: format '%d' expects argument of type 'int', but argument 2 has type 'uint32_t {aka long unsigned int}' [-Wformat=]
      printf("K = %d\n", regmap[2]);
                  ~^     ~~~~~~~~~
                  %ld
'Finished building: ../adder.c'
' '
'Building target: lab1.elf'
'Invoking: ARM v7 gcc linker'
arm-none-eabi-gcc -mcpu=cortex-a9 -mfpu=vfpv3 -mfloat-abi=hard -Wl,-build-id=none -specs=Xilinx.spec -Wl,-T -Wl,../src/lscript.ld -L../../lab1_bsp/ps7_cortexa9_0/lib -o "lab1.elf"  ./adder.o   -Wl,--start-group,-lxil,-lgcc,-lc,--end-group
'Finished building target: lab1.elf'
' '
'Invoking: ARM v7 Print Size'
arm-none-eabi-size lab1.elf  |tee "lab1.elf.size"
   text	   data	    bss	    dec	    hex	filename
  71876	   2580	  23328	  97784	  17df8	lab1.elf
'Finished building: lab1.elf.size'
' '
