11:44:34 **** Auto Build of configuration Debug for project lab1 ****
make pre-build main-build 
a9-linaro-pre-build-step
' '
'Building file: ../adder.c'
'Invoking: ARM v7 gcc compiler'
arm-none-eabi-gcc -Wall -O0 -g3 -c -fmessage-length=0 -MT"adder.o" -mcpu=cortex-a9 -mfpu=vfpv3 -mfloat-abi=hard -I../../lab1_bsp/ps7_cortexa9_0/include -MMD -MP -MF"adder.d" -MT"adder.o" -o "adder.o" "../adder.c"
../adder.c: In function 'main':
../adder.c:17:16: warning: format '%d' expects argument of type 'int', but argument 2 has type 'uint32_t {aka long unsigned int}' [-Wformat=]
   printf("K = %d\n", regmap[2]);
               ~^     ~~~~~~~~~
               %ld
../adder.c:25:2: warning: implicit declaration of function 'usleep'; did you mean 'fseek'? [-Wimplicit-function-declaration]
  usleep(10000);
  ^~~~~~
  fseek
../adder.c:40:16: warning: format '%d' expects argument of type 'int', but argument 2 has type 'uint32_t {aka long unsigned int}' [-Wformat=]
   printf("K = %d\n", regmap[2]);
               ~^     ~~~~~~~~~
               %ld
../adder.c:61:16: warning: format '%d' expects argument of type 'int', but argument 2 has type 'uint32_t {aka long unsigned int}' [-Wformat=]
   printf("K = %d\n", regmap[2]);
               ~^     ~~~~~~~~~
               %ld
../adder.c:82:16: warning: format '%d' expects argument of type 'int', but argument 2 has type 'uint32_t {aka long unsigned int}' [-Wformat=]
   printf("K = %d\n", regmap[2]);
               ~^     ~~~~~~~~~
               %ld
../adder.c:103:19: warning: format '%d' expects argument of type 'int', but argument 2 has type 'uint32_t {aka long unsigned int}' [-Wformat=]
      printf("K = %d\n", regmap[2]);
                  ~^     ~~~~~~~~~
                  %ld
'Finished building: ../adder.c'
' '
'Building target: lab1.elf'
'Invoking: ARM v7 gcc linker'
arm-none-eabi-gcc -mcpu=cortex-a9 -mfpu=vfpv3 -mfloat-abi=hard -Wl,-build-id=none -specs=Xilinx.spec -Wl,-T -Wl,../src/lscript.ld -L../../lab1_bsp/ps7_cortexa9_0/lib -o "lab1.elf"  ./adder.o   -Wl,--start-group,-lxil,-lgcc,-lc,--end-group
'Finished building target: lab1.elf'
' '
'Invoking: ARM v7 Print Size'
arm-none-eabi-size lab1.elf  |tee "lab1.elf.size"
   text	   data	    bss	    dec	    hex	filename
  71876	   2580	  23328	  97784	  17df8	lab1.elf
'Finished building: lab1.elf.size'
' '

11:44:35 Build Finished (took 1s.28ms)

