20:15:07 **** Auto Build of configuration Debug for project Test1 ****
make pre-build main-build 
a9-linaro-pre-build-step
' '
'Building file: ../adder.c'
'Invoking: ARM v7 gcc compiler'
arm-none-eabi-gcc -Wall -O0 -g3 -c -fmessage-length=0 -MT"adder.o" -mcpu=cortex-a9 -mfpu=vfpv3 -mfloat-abi=hard -I../../Test1_bsp/ps7_cortexa9_0/include -MMD -MP -MF"adder.d" -MT"adder.o" -o "adder.o" "../adder.c"
../adder.c: In function 'main':
../adder.c:20:16: warning: format '%d' expects argument of type 'int', but argument 2 has type 'uint32_t {aka long unsigned int}' [-Wformat=]
   printf("K = %d\n", regmap[2]); //print k value
               ~^     ~~~~~~~~~
               %ld
../adder.c:14:11: warning: unused variable 'b' [-Wunused-variable]
  uint32_t b = regmap[1];  // Save input B
           ^
../adder.c:13:11: warning: unused variable 'a' [-Wunused-variable]
  uint32_t a = regmap[0];  // Save input A
           ^
'Finished building: ../adder.c'
' '
'Building target: Test1.elf'
'Invoking: ARM v7 gcc linker'
arm-none-eabi-gcc -mcpu=cortex-a9 -mfpu=vfpv3 -mfloat-abi=hard -Wl,-build-id=none -specs=Xilinx.spec -Wl,-T -Wl,../src/lscript.ld -L../../Test1_bsp/ps7_cortexa9_0/lib -o "Test1.elf"  ./adder.o   -Wl,--start-group,-lxil,-lgcc,-lc,--end-group
'Finished building target: Test1.elf'
' '
'Invoking: ARM v7 Print Size'
arm-none-eabi-size Test1.elf  |tee "Test1.elf.size"
   text	   data	    bss	    dec	    hex	filename
  70828	   2580	  23328	  96736	  179e0	Test1.elf
'Finished building: Test1.elf.size'
' '

20:15:08 Build Finished (took 943ms)

